Renesas Optimizing Linker (W3.08.00 )             19-Aug-2026 11:39:11

*** Options ***

-subcommand=DefaultBuild\TEST_128K_USER.clnk
-Input=DefaultBuild\cstart.obj
-Input=DefaultBuild\stkinit.obj
-Input=DefaultBuild\r_main.obj
-Input=DefaultBuild\r_systeminit.obj
-Input=DefaultBuild\r_cg_cgc.obj
-Input=DefaultBuild\r_cg_cgc_user.obj
-Input=DefaultBuild\r_cg_wdt.obj
-Input=DefaultBuild\r_cg_wdt_user.obj
-Input=DefaultBuild\r_cg_port.obj
-Input=DefaultBuild\r_cg_port_user.obj
-Input=DefaultBuild\r_cg_intc.obj
-Input=DefaultBuild\r_cg_intc_user.obj
-Input=DefaultBuild\r_cg_serial.obj
-Input=DefaultBuild\r_cg_serial_user.obj
-Input=DefaultBuild\r_cg_adc.obj
-Input=DefaultBuild\r_cg_adc_user.obj
-Input=DefaultBuild\r_cg_timer.obj
-Input=DefaultBuild\r_cg_timer_user.obj
-Input=DefaultBuild\r_cg_rtc.obj
-Input=DefaultBuild\r_cg_rtc_user.obj
-Input=DefaultBuild\u_interrupts.obj
-Input=DefaultBuild\u_ram_vector.obj
-Input=DefaultBuild\N_IIC.obj
-Input=DefaultBuild\N_EEPROM.obj
-Input=DefaultBuild\N_GPS.obj
-Input=DefaultBuild\N_GSM.obj
-Input=DefaultBuild\N_DELAY.obj
-Input=DefaultBuild\V_Control.obj
-Input=DefaultBuild\N_Serial.obj
-Input=DefaultBuild\GSM_INTZ_AND_SMS_HANDLING.obj
-Input=DefaultBuild\N_GSM_RESPONSE_HANDLE.obj
-Input=DefaultBuild\FIRMWARE_HANDLING.obj
-Input=DefaultBuild\N_IEEPROM.obj
-Input=DefaultBuild\r_cg_pfdl.obj
-LIBrary=User_Files\V1.05\lib\pfdl.lib
-LIBrary=User_Files\V1.05\librl78\pfdl.lib
-SECURITY_ID=00000000000000000000
-DEVICE=C:\Program Files (x86)\Renesas Electronics\CS+\CC\Device\RL78\Devicefile\DR5F100FE.DVF
-DEBug
-NOCOmpress
-NOOPtimize
-OUtput=DefaultBuild\TEST_128K_USER.abs
-LIBrary=C:\Program Files (x86)\Renesas Electronics\CS+\CC\CC-RL\V1.16.00\lib\rl78cm4s.lib
-LIBrary=C:\Program Files (x86)\Renesas Electronics\CS+\CC\CC-RL\V1.16.00\lib\malloc_n.lib
-LIBrary=C:\Program Files (x86)\Renesas Electronics\CS+\CC\CC-RL\V1.16.00\lib\rl78cm4r.lib
-OCDBG=84
-DEBUG_MONITOR=FE00-FFFF
-USER_OPT_BYTE=7EFFE8
-LISt=DefaultBuild\TEST_128K_USER.map
-SHow=Total_size,VECTOR,STRUCT
-AUTO_SECTION_LAYOUT
-ROm=.data=.dataR
-ROm=.sdata=.sdataR
-NOMessage
-STACk
-Total_size
-NOLOgo
-end

*** Error information ***

W0561320:Duplicate symbol "PFDL_Open" in "User_Files\V1.05\lib\pfdl.lib(pfdl)"
W0561320:Duplicate symbol "PFDL_Open" in "User_Files\V1.05\librl78\pfdl.lib(pfdl)"
W0561320:Duplicate symbol "_PFDL_Open" in "User_Files\V1.05\lib\pfdl.lib(pfdl)"
W0561320:Duplicate symbol "_PFDL_Open" in "User_Files\V1.05\librl78\pfdl.lib(pfdl)"
W0561320:Duplicate symbol "PFDL_Execute" in "User_Files\V1.05\lib\pfdl.lib(pfdl)"
W0561320:Duplicate symbol "PFDL_Execute" in "User_Files\V1.05\librl78\pfdl.lib(pfdl)"
W0561320:Duplicate symbol "_PFDL_Execute" in "User_Files\V1.05\lib\pfdl.lib(pfdl)"
W0561320:Duplicate symbol "_PFDL_Execute" in "User_Files\V1.05\librl78\pfdl.lib(pfdl)"
W0561320:Duplicate symbol "PFDL_Handler" in "User_Files\V1.05\lib\pfdl.lib(pfdl)"
W0561320:Duplicate symbol "PFDL_Handler" in "User_Files\V1.05\librl78\pfdl.lib(pfdl)"
W0561320:Duplicate symbol "_PFDL_Handler" in "User_Files\V1.05\lib\pfdl.lib(pfdl)"
W0561320:Duplicate symbol "_PFDL_Handler" in "User_Files\V1.05\librl78\pfdl.lib(pfdl)"
W0561320:Duplicate symbol "PFDL_Close" in "User_Files\V1.05\lib\pfdl.lib(pfdl)"
W0561320:Duplicate symbol "PFDL_Close" in "User_Files\V1.05\librl78\pfdl.lib(pfdl)"
W0561320:Duplicate symbol "_PFDL_Close" in "User_Files\V1.05\lib\pfdl.lib(pfdl)"
W0561320:Duplicate symbol "_PFDL_Close" in "User_Files\V1.05\librl78\pfdl.lib(pfdl)"
W0561320:Duplicate symbol "PFDL_GetVersionString" in "User_Files\V1.05\lib\pfdl.lib(pfdl_version)"
W0561320:Duplicate symbol "PFDL_GetVersionString" in "User_Files\V1.05\librl78\pfdl.lib(pfdl_version)"
W0561320:Duplicate symbol "_PFDL_GetVersionString" in "User_Files\V1.05\lib\pfdl.lib(pfdl_version)"
W0561320:Duplicate symbol "_PFDL_GetVersionString" in "User_Files\V1.05\librl78\pfdl.lib(pfdl_version)"
W0561320:Duplicate symbol "_PFDL_VERSION_STRING" in "User_Files\V1.05\lib\pfdl.lib(pfdl_version)"
W0561320:Duplicate symbol "_PFDL_VERSION_STRING" in "User_Files\V1.05\librl78\pfdl.lib(pfdl_version)"

*** Mapping List ***

SECTION                            START      END         SIZE   ALIGN
.vect
                                  00000000  0000007f        80   0
.constf
                                  00000080  00000080         0   2
.sdata
                                  00000080  00000080         0   2
.option_byte
                                  000000c0  000000c3         4   1
.security_id
                                  000000c4  000000cd         a   1
.monitor1
                                  000000ce  000000d7         a   1
.data
                                  000000d8  00000294       1bd   2
.text
                                  00000295  000006ce       43a   1
PFDL_COD
                                  000006d0  0000075d        8e   2
.RLIB
                                  0000075e  00000b09       3ac   1
.SLIB
                                  00000b0a  00000b16         d   1
.const
                                  00002000  000033fa      13fb   2
.textf
                                  000033fb  0000d7fb      a401   1
.monitor2
                                  0000fe00  0000ffff       200   1
.bss
                                  000fef00  000ff94a       a4b   2
.dataR
                                  000ff94c  000ffb08       1bd   2
RAM_VECT_n
                                  000ffb0a  000ffb9d        94   2
.sbss
                                  000ffe20  000ffe20         0   2
.sdataR
                                  000ffe20  000ffe20         0   2

*** Total Section Size ***

RAMDATA SECTION:  00000c9c Byte(s)
ROMDATA SECTION:  00001850 Byte(s)
PROGRAM SECTION:  0000ac82 Byte(s)

*** Symbol List ***

SECTION=
FILE=                               START        END    SIZE
  SYMBOL                            ADDR        SIZE    INFO      COUNTS  OPT
    STRUCT                                      SIZE
      MEMBER                        ADDR        SIZE    INFO

SECTION=.vect
FILE=rlink_generates_04
                                  00000000  0000007f        80

SECTION=.option_byte
FILE=rlink_generates_01
                                  000000c0  000000c3         4

SECTION=.security_id
FILE=rlink_generates_03
                                  000000c4  000000cd         a

SECTION=.monitor1
FILE=rlink_generates_02
                                  000000ce  000000d7         a

SECTION=.data
FILE=DefaultBuild\r_main.obj
                                  000000d8  000000d8         1
FILE=DefaultBuild\N_GPS.obj
                                  000000da  00000144        6b
FILE=DefaultBuild\N_GSM.obj
                                  00000146  0000028f       14a
FILE=DefaultBuild\V_Control.obj
                                  00000290  00000291         2
FILE=DefaultBuild\N_GSM_RESPONSE_HANDLE.obj
                                  00000292  00000294         3

SECTION=.text
FILE=DefaultBuild\cstart.obj
                                  00000295  000002ee        5a
  _start
                                  00000295         0   none ,g         0
  _exit
                                  000002ed         0   none ,g         1
FILE=DefaultBuild\u_interrupts.obj
                                  000002ef  000006ce       3e0
  _watchdog_intrpt@1
                                  000002ef        20   func ,l         0
  _lvi_intrpt@1
                                  0000030f        20   func ,l         0
  _intp0_intrpt@1
                                  0000032f        20   func ,l         0
  _intp1_intrpt@1
                                  0000034f        20   func ,l         0
  _intp2_intrpt@1
                                  0000036f        20   func ,l         0
  _intp3_intrpt@1
                                  0000038f        20   func ,l         0
  _intp4_intrpt@1
                                  000003af        20   func ,l         0
  _intp5_intrpt@1
                                  000003cf        20   func ,l         0
  _intst2_interrupt@1
                                  000003ef        20   func ,l         0
  _intsr2_interrupt@1
                                  0000040f        20   func ,l         0
  _intsre2_interrupt@1
                                  0000042f        20   func ,l         0
  _intst0_interrupt@1
                                  0000044f        20   func ,l         0
  _intsr0_interrupt@1
                                  0000046f        20   func ,l         0
  _intsre0_interrupt@1
                                  0000048f        20   func ,l         0
  _intst1_interrupt@1
                                  000004af        20   func ,l         0
  _intsr1_interrupt@1
                                  000004cf        20   func ,l         0
  _intsre1_interrupt@1
                                  000004ef        20   func ,l         0
  _intsic_interrupt@1
                                  0000050f        20   func ,l         0
  _inttm00_interrupt@1
                                  0000052f        20   func ,l         0
  _inttm01_interrupt@1
                                  0000054f        20   func ,l         0
  _inttm02_interrupt@1
                                  0000056f        20   func ,l         0
  _inttm03_interrupt@1
                                  0000058f        20   func ,l         0
  _intad_interrupt@1
                                  000005af        20   func ,l         0
  _intrtc_interrrupt@1
                                  000005cf        20   func ,l         0
  _intit_interrrupt@1
                                  000005ef        20   func ,l         0
  _intkr_interrupt@1
                                  0000060f        20   func ,l         0
  _inttm04_interrupt@1
                                  0000062f        20   func ,l         0
  _inttm05_interrupt@1
                                  0000064f        20   func ,l         0
  _inttm06_interrupt@1
                                  0000066f        20   func ,l         0
  _inttm07_interrupt@1
                                  0000068f        20   func ,l         0
  _intfl_interrupt@1
                                  000006af        20   func ,l         0

SECTION=PFDL_COD
FILE=pfdl
                                  000006d0  0000075d        8e
  _PFDL_Open
                                  000006d0         0   none ,g         2
  PFDL_Open
                                  000006d0         0   none ,g         0
  _PFDL_Execute
                                  000006eb         0   none ,g         9
  PFDL_Execute
                                  000006eb         0   none ,g         0
  PFDL_Execute_firmware
                                  00000721         0   none ,l         1
  PFDL_Execute_erase
                                  0000072b         0   none ,l         1
  PFDL_Execute_read
                                  0000073c         0   none ,l         1
  PFDL_Execute_read_next
                                  00000740         0   none ,l         1
  PFDL_Execute_exit
                                  0000074b         0   none ,l         1
  _PFDL_Handler
                                  0000074c         0   none ,g         b
  PFDL_Handler
                                  0000074c         0   none ,g         0
  _PFDL_Close
                                  00000752         0   none ,g         1
  PFDL_Close
                                  00000752         0   none ,g         0

SECTION=.RLIB
FILE=_COM_fdiv
                                  0000075e  000008ea       18d
  __COM_fdiv
                                  000007bd         0   none ,g         1
FILE=_COM_ftoul
                                  000008eb  000008f6         c
  __COM_ftoul
                                  000008eb         0   none ,g         1
FILE=_COM_imul
                                  000008f7  00000905         f
  __COM_imul
                                  000008f7         0   none ,g         2
FILE=_COM_lmul
                                  00000906  0000092d        28
  __COM_lmul
                                  00000906         0   none ,g         6
FILE=_COM_sidiv
                                  0000092e  0000094f        22
  __COM_sidiv
                                  00000930         0   none ,g         1
FILE=_COM_sirem
                                  00000950  0000096f        20
  __COM_sirem
                                  00000950         0   none ,g         1
FILE=_COM_uidiv
                                  00000970  00000999        2a
  __COM_uidiv
                                  00000972         0   none ,g        4d
FILE=_COM_uirem
                                  0000099a  000009c2        29
  __COM_uirem
                                  0000099a         0   none ,g        50
FILE=_COM_uldiv
                                  000009c3  000009fe        3c
  __COM_uldiv
                                  000009c8         0   none ,g        1a
FILE=_COM_ulrem
                                  000009ff  00000a38        3a
  __COM_ulrem
                                  00000a01         0   none ,g        15
FILE=_COM_ultof
                                  00000a39  00000a3e         6
  __COM_ultof
                                  00000a39         0   none ,g         1
FILE=_REL_ftol
                                  00000a3f  00000a73        35
  __REL_ftol
                                  00000a3f         0   none ,g         1
FILE=_REL_f_inf
                                  00000a74  00000a7b         8
  __REL_f_inf
                                  00000a74         0   none ,g         2
FILE=_REL_f_norm
                                  00000a7c  00000a8b        10
  __REL_f_norm
                                  00000a7c         0   none ,g         2
FILE=_REL_f_round
                                  00000a8c  00000a9e        13
  __REL_f_round
                                  00000a8c         0   none ,g         1
FILE=_REL_ltof
                                  00000a9f  00000ae8        4a
  __REL_ltof
                                  00000a9f         0   none ,g         1
FILE=_COM_lshr
                                  00000ae9  00000b09        21
  __COM_lshr
                                  00000af3         0   none ,g         1

SECTION=.SLIB
FILE=strcpy
                                  00000b0a  00000b16         d
  _strcpy
                                  00000b0a         0   none ,g         1

SECTION=.const
FILE=DefaultBuild\r_main.obj
                                  00002000  0000206c        6d
FILE=DefaultBuild\N_GPS.obj
                                  0000206e  000020ba        4d
FILE=DefaultBuild\N_GSM.obj
                                  000020bc  00002f93       ed8
  _OK_ACK
                                  000020bc         2   data ,g         1
  _ERROR_ACK
                                  000020be         5   data ,g         1
  _VODAFONE_ACK
                                  000020c3         f   data ,g         1
  _VODAFONE_ACK_V
                                  000020d2         f   data ,g         1
  _CONNECT_ACK
                                  000020e1         7   data ,g         1
  _CONNECT_FAIL_ACK
                                  000020e8         c   data ,g         1
  _ALREADY_CONNECT_ACK
                                  000020f4         f   data ,g         1
  _SIGNAL_STRENGTH_ACK
                                  00002103         5   data ,g         1
  _NW_DIS_CONNECT
                                  00002108         9   data ,g         1
  _PANIC_MOBILE_NUMBER_ACK
                                  00002111        12   data ,g         1
  _HTTP_RESPONSE_FAIL
                                  00002123         4   data ,g         1
  _VN_ACK
                                  00002127         3   data ,g         0
  _FIRM_UPDATE_CTRL
                                  0000212a         3   data ,g         1
  _PANIC_CTRL
                                  0000212d         4   data ,g         1
  _IGNITION_CTRL
                                  00002131         4   data ,g         1
  _IMEI_ACK
                                  00002135         9   data ,g         1
  _GSM_NW_REG
                                  0000213e         8   data ,g         1
  _GPRS_NW_REG
                                  00002146         9   data ,g         1
  _CPIN_READY
                                  0000214f         b   data ,g         1
  _HTTP_DOWNLOAD
                                  0000215a         8   data ,g         1
  _FTP_ADDRESS_ACK
                                  00002162         8   data ,g         1
  _FILE_DOWNLOAD_ACK
                                  0000216a         8   data ,g         1
  _SET_TCP_FRAME
                                  00002172         8   data ,g         1
  _SETTING_CMD_FRAME
                                  0000217a         d   data ,g         1
  _ENGINEER_MODE_FRAME_1
                                  00002187         9   data ,g         1
  _ENGINEER_MODE_FRAME_2
                                  00002190         a   data ,g         1
  _NEW_SMS_FRAME
                                  0000219a         b   data ,g         1
  _PHONE_NUMBER_OF_SENDER_FRAME
                                  000021a5        17   data ,g         1
  _GET_IMEI_SMS_CMD
                                  000021bc         d   data ,g         1
  _DEVICE_RESET_CMD_FRAME
                                  000021c9         e   data ,g         1
  _GET_SMS_FRAME
                                  000021d7         c   data ,g         1
  _GET_ACT_MESSAGE
                                  000021e3         5   data ,g         1
  _GET_HEALTH_MESSAGE_FRAME
                                  000021e8         5   data ,g         1
  _NWA_CMD_FRAME
                                  000021ed         a   data ,g         1
  _NWI_CMD_FRAME
                                  000021f7         a   data ,g         1
  _NWS_CMD_FRAME
                                  00002201         a   data ,g         1
  _QST_CMD_FRAME
                                  0000220b         8   data ,g         1
  _DEVICE_RESTART_ACK
                                  00002213         c   data ,g         1
  _GET_GPS_CLEAR_S_FRAME
                                  0000221f         9   data ,g         1
  _NW_NAME_ACK
                                  00002228         5   data ,g         1
FILE=DefaultBuild\GSM_INTZ_AND_SMS_HANDLING.obj
                                  00002f94  00003276       2e3
FILE=DefaultBuild\N_GSM_RESPONSE_HANDLE.obj
                                  00003278  000033bf       148
  _QCCID_ACK
                                  00003278         8   data ,g         0
  _GET_GETVINFO_FRAME
                                  00003280         9   data ,g         1
  _GET_PANIC_FRAME
                                  00003289         9   data ,g         1
  _GET_LOCATION_FRAME
                                  00003292         c   data ,g         1
  _GET_SERVERDETAILS_FRAME
                                  0000329e        11   data ,g         1
  _GET_VSTATUS_FRAME
                                  000032af         b   data ,g         1
  _GET_SOSTIMEOUT_FRAME
                                  000032ba         e   data ,g         1
  _GET_PROFILE_FRAME
                                  000032c8         b   data ,g         1
  _SET_FOTA_FRAME
                                  000032d3         9   data ,g         1
  _SET_SOSSET_FRAME
                                  000032dc         b   data ,g         1
  _SET_BTS_FRAME
                                  000032e7         8   data ,g         1
  _SET_SOSTIMEOUT_FRAME
                                  000032ef         f   data ,g         1
  _SET_SOSCLR_FRAME
                                  000032fe         a   data ,g         1
  _SET_DEFAULT_FRAME
                                  00003308         b   data ,g         1
  _SET_VRESET_FRAME
                                  00003313         a   data ,g         1
  _SET_INTERVAL_FRAME
                                  0000331d         d   data ,g         1
  _SET_VEHREG_FRAME
                                  0000332a         b   data ,g         1
  _SET_PROFILE_FRAME
                                  00003335         c   data ,g         1
  _SET_SERVER1_FRAME
                                  00003341         c   data ,g         1
  _SET_SERVER2_FRAME
                                  0000334d         c   data ,g         1
  _SET_HEALTH_FRAME
                                  00003359         f   data ,g         1
  _GET_VERSION_FRAME
                                  00003368         c   data ,g         1
  _GET_VLT_IMEI_PH_FRAME
                                  00003374        13   data ,g         1
  _SET_HACL_FRAME
                                  00003387         a   data ,g         1
  _SET_HBRK_FRAME
                                  00003391         a   data ,g         1
  _SET_HTRN_FRAME
                                  0000339b         a   data ,g         1
  _SET_LBAT_FRAME
                                  000033a5         a   data ,g         1
  _SET_APN_FRAME
                                  000033af         9   data ,g         1
  _MODEM_TIME_FRAME
                                  000033b8         8   data ,g         1
FILE=DefaultBuild\FIRMWARE_HANDLING.obj
                                  000033c0  000033fa        3b

SECTION=.textf
FILE=DefaultBuild\stkinit.obj
                                  000033fb  0000343e        44
  _stkinit
                                  000033fb         0   none ,g         1
  LSTINIT1
                                  00003409         0   none ,l         1
  LSTINIT2
                                  00003433         0   none ,l         2
  LSTINIT3
                                  0000343e         0   none ,l         2
FILE=DefaultBuild\r_main.obj
                                  0000343f  00003767       329
  _convert
                                  0000343f        cf   func ,g         0
  _main
                                  0000350e        6d   func ,g         1
  _R_MAIN_UserInit
                                  0000357b       1a9   func ,g         1
  _GET_TIME_MODEM
                                  00003724         f   func ,g         1
  _READ_DEVICE_ID
                                  00003733        35   func ,g         1
FILE=DefaultBuild\r_systeminit.obj
                                  00003768  00003833        cc
  _R_Systeminit
                                  00003768        2f   func ,g         1
  _hdwinit
                                  00003797        9d   func ,g         1
FILE=DefaultBuild\r_cg_cgc.obj
                                  00003834  00003873        40
  _R_CGC_Create
                                  00003834        40   func ,g         1
FILE=DefaultBuild\r_cg_cgc_user.obj
                                  00003874  00003876         3
  _R_CGC_Get_ResetSource
                                  00003874         3   func ,g         1
FILE=DefaultBuild\r_cg_wdt.obj
                                  00003877  00003881         b
  _R_WDT_Create
                                  00003877         7   func ,g         1
  _R_WDT_Restart
                                  0000387e         4   func ,g         2
FILE=DefaultBuild\r_cg_wdt_user.obj
                                  00003882  00003891        10
  _WATCHDOG_ON
                                  00003882         8   func ,g        12
  _WATCHDOG_OFF
                                  0000388a         8   func ,g        10
FILE=DefaultBuild\r_cg_port.obj
                                  00003892  000038c5        34
  _R_PORT_Create
                                  00003892        34   func ,g         1
FILE=DefaultBuild\r_cg_intc.obj
                                  000038c6  00003957        92
  _R_INTC_Create
                                  000038c6        5a   func ,g         1
  _R_INTC1_Start
                                  00003920         7   func ,g         2
  _R_INTC1_Stop
                                  00003927         7   func ,g         0
  _R_INTC2_Start
                                  0000392e         7   func ,g         0
  _R_INTC2_Stop
                                  00003935         7   func ,g         0
  _R_INTC3_Start
                                  0000393c         7   func ,g         2
  _R_INTC3_Stop
                                  00003943         7   func ,g         0
  _R_INTC4_Start
                                  0000394a         7   func ,g         1
  _R_INTC4_Stop
                                  00003951         7   func ,g         0
FILE=DefaultBuild\r_cg_intc_user.obj
                                  00003958  000039bd        66
  _r_intc1_interrupt
                                  00003958        5a   func ,g         2
  _r_intc3_interrupt
                                  000039b2         4   func ,g         2
  _r_intc4_interrupt
                                  000039b6         4   func ,g         2
  _r_intc2_interrupt
                                  000039ba         4   func ,g         2
FILE=DefaultBuild\r_cg_serial.obj
                                  000039be  00003ca0       2e3
  _R_SAU0_Create
                                  000039be        15   func ,g         1
  _R_UART1_Create
                                  000039d3        74   func ,g         1
  _R_UART1_Start
                                  00003a47        26   func ,g         5
  _R_UART1_Stop
                                  00003a6d        1e   func ,g         5
  _R_UART1_Receive
                                  00003a8b        18   func ,g         0
  _R_UART1_Send
                                  00003aa3        26   func ,g         0
  _R_CSI00_Create
                                  00003ac9        5b   func ,g         1
  _R_CSI00_Start
                                  00003b24        26   func ,g         1
  _R_CSI00_Stop
                                  00003b4a        18   func ,g         0
  _R_CSI00_Send_Receive
                                  00003b62        35   func ,g         4
  _R_SAU1_Create
                                  00003b97        12   func ,g         1
  _R_UART2_Create
                                  00003ba9        76   func ,g         1
  _R_UART2_Start
                                  00003c1f        26   func ,g         1
  _R_UART2_Stop
                                  00003c45        1e   func ,g         0
  _R_UART2_Receive
                                  00003c63        18   func ,g         0
  _R_UART2_Send
                                  00003c7b        26   func ,g         0
FILE=DefaultBuild\r_cg_serial_user.obj
                                  00003ca1  00003e04       164
  _r_uart1_callback_receiveend@1
                                  00003ca1         1   func ,l         1
  _r_uart1_callback_softwareoverrun@1
                                  00003ca2        25   func ,l         1
  _r_uart1_callback_sendend@1
                                  00003cc7         1   func ,l         1
  _r_uart1_callback_error@1
                                  00003cc8         1   func ,l         1
  _r_csi00_callback_receiveend@1
                                  00003cc9         1   func ,l         1
  _r_csi00_callback_error@1
                                  00003cca         1   func ,l         1
  _r_csi00_callback_sendend@1
                                  00003ccb         1   func ,l         1
  _r_uart2_callback_receiveend@1
                                  00003ccc         1   func ,l         1
  _r_uart2_callback_softwareoverrun@1
                                  00003ccd         6   func ,l         1
  _r_uart2_callback_sendend@1
                                  00003cd3         1   func ,l         1
  _r_uart2_callback_error@1
                                  00003cd4         1   func ,l         1
  _r_uart1_interrupt_receive
                                  00003cd5        47   func ,g         2
  _r_uart1_interrupt_send
                                  00003d1c        18   func ,g         2
  _r_uart2_interrupt_receive
                                  00003d34        47   func ,g         2
  _r_uart2_interrupt_send
                                  00003d7b        18   func ,g         2
  _r_csi00_interrupt
                                  00003d93        72   func ,g         2
FILE=DefaultBuild\r_cg_adc.obj
                                  00003e05  00003e63        5f
  _R_ADC_Create
                                  00003e05        3c   func ,g         2
  _R_ADC_Start
                                  00003e41         a   func ,g         2
  _R_ADC_Stop
                                  00003e4b         a   func ,g         0
  _R_ADC_Set_OperationOn
                                  00003e55         4   func ,g         1
  _R_ADC_Set_OperationOff
                                  00003e59         4   func ,g         0
  _R_ADC_Get_Result
                                  00003e5d         7   func ,g         0
FILE=DefaultBuild\r_cg_adc_user.obj
                                  00003e64  00003e6b         8
  _r_adc_interrupt
                                  00003e64         8   func ,g         2
FILE=DefaultBuild\r_cg_timer.obj
                                  00003e6c  0000402d       1c2
  _R_TAU0_Create
                                  00003e6c       122   func ,g         1
  _R_TAU0_Channel0_Start
                                  00003f8e        10   func ,g         7
  _R_TAU0_Channel0_Stop
                                  00003f9e        10   func ,g         3
  _R_TAU0_Channel1_Start
                                  00003fae        10   func ,g         1
  _R_TAU0_Channel1_Stop
                                  00003fbe        10   func ,g         1
  _R_TAU0_Channel2_Start
                                  00003fce        10   func ,g         1
  _R_TAU0_Channel2_Stop
                                  00003fde        10   func ,g         0
  _R_TAU0_Channel3_Start
                                  00003fee        10   func ,g         1
  _R_TAU0_Channel3_Stop
                                  00003ffe        10   func ,g         1
  _R_TAU0_Channel4_Start
                                  0000400e        10   func ,g         1
  _R_TAU0_Channel4_Stop
                                  0000401e        10   func ,g         0
FILE=DefaultBuild\r_cg_timer_user.obj
                                  0000402e  000041da       1ad
  _r_tau0_channel0_interrupt
                                  0000402e         4   func ,g         2
  _r_tau0_channel1_interrupt
                                  00004032         4   func ,g         2
  _r_tau0_channel2_interrupt
                                  00004036       16f   func ,g         2
  _r_tau0_channel3_interrupt
                                  000041a5         4   func ,g         2
  _r_tau0_channel4_interrupt
                                  000041a9        32   func ,g         2
FILE=DefaultBuild\r_cg_rtc.obj
                                  000041db  000042df       105
  _R_RTC_Create
                                  000041db        26   func ,g         1
  _R_RTC_Start
                                  00004201         4   func ,g         1
  _R_RTC_Stop
                                  00004205         4   func ,g         0
  _R_RTC_Get_CounterValue
                                  00004209        4f   func ,g         0
  _R_RTC_Set_CounterValue
                                  00004258        88   func ,g         0
FILE=DefaultBuild\N_IIC.obj
                                  000042e0  000043ee       10f
  _i2c_delay
                                  000042e0         9   func ,g        17
  _i2c_start
                                  000042e9        1f   func ,g         7
  _i2c_stop
                                  00004308        19   func ,g         5
  _i2c_wbyte
                                  00004321        48   func ,g        12
  _i2c_rbyte
                                  00004369        3c   func ,g         2
  _i2c_ack
                                  000043a5        34   func ,g        12
  _i2c_nack
                                  000043d9        16   func ,g         2
FILE=DefaultBuild\N_EEPROM.obj
                                  000043ef  0000454f       161
  _i2c_writen
                                  000043ef        38   func ,g        56
  _i2c_readn
                                  00004427        47   func ,g        44
  _i2c_PAGE_WRITE
                                  0000446e        6f   func ,g         0
  _i2c_writen_2
                                  000044dd        38   func ,g         5
  _i2c_readn_3
                                  00004515        3b   func ,g         7
FILE=DefaultBuild\N_GPS.obj
                                  00004550  00004bc3       674
  _GPS_NAVIGATION_MODE
                                  00004550        60   func ,g         0
  _GPS_STATIONARY_MODE
                                  000045b0        3f   func ,g         0
  _BAUD_RATE_AND_INITIAL_SETTINGS
                                  000045ef         1   func ,g         6
  _GPS_NORMAL_MODE
                                  000045f0        63   func ,g         0
  _GET_GPS_DATA
                                  00004653        f9   func ,g         2
  _GPS_UART_RX_1
                                  0000474c       1ad   func ,g         1
  _GPS_UART_RX_2
                                  000048f9       113   func ,g         1
  _GPS_UART_RX_3
                                  00004a0c        8b   func ,g         1
  _GPS_UART_RX_4
                                  00004a97        1c   func ,g         1
  _GPS_UART_RX_5
                                  00004ab3        9f   func ,g         1
  _RTC_SET
                                  00004b52        71   func ,g         1
  _GPS_SLEEP_MODE
                                  00004bc3         1   func ,g         0
FILE=DefaultBuild\N_GSM.obj
                                  00004bc4  00008ef3      4330
  _GPRS_DISCONNECT
                                  00004bc4        37   func ,g         4
  _GET_SIGNAL_STRENGTH
                                  00004bfb        32   func ,g         2
  _GET_NETWORK_NAME
                                  00004c2d        2f   func ,g         2
  _LATITUDE_CONVERSION
                                  00004c5c       110   func ,g         1
  _LONGITUDE_CONVERSION
                                  00004d6c       123   func ,g         1
  _DEVICE_REPLY_IN_SMS
                                  00004e8f      1f10   func ,g        23
  _BATTERY_PERCENTAGE_CALCULATE
                                  00006d9f        be   func ,g         0
  _GET_TIME
                                  00006e5d        1f   func ,g         2
  _PRINT_ZEROS
                                  00006e7c        23   func ,g         1
  _PRINT_ZEROS_2
                                  00006e9f        23   func ,g         0
  _GET_DEGREES
                                  00006ec2        37   func ,g         0
  _GET_SPEED_DATA
                                  00006ef9        98   func ,g         3
  _GET_IMEI
                                  00006f91        64   func ,g         1
  _GET_MCC_MNC_LAC_CELL_ID
                                  00006ff5       30e   func ,g         1
  _WELCOME_STRING
                                  00007303       1e1   func ,g         1
  _STORE_LAST_LOCATION
                                  000074e4        ab   func ,g         0
  _READ_LAST_LOCATION
                                  0000758f       124   func ,g         1
  _BUFFER_APPEND_CHAR
                                  000076b3        12   func ,g        5b
  _BUFFER_APPEND_STR
                                  000076c5        12   func ,g        7b
  _HEL_STRING
                                  000076d7       218   func ,g         1
  _DATA_PRINT
                                  000078ef       ae7   func ,g         1
  _UPDATE_ONLINE_DATA_FRAME
                                  000083d6       7aa   func ,g         c
  _SEND_WREN_COMMAND
                                  00008b80        1d   func ,g         2
  _WRITE_STATUS_REGISTER
                                  00008b9d        22   func ,g         0
  _READ_STATUS_REGISTER
                                  00008bbf        22   func ,g         0
  _CHIP_ERASE
                                  00008be1        2a   func ,g         1
  _WAIT_UNTILL_FLASH_BUSY
                                  00008c0b        2b   func ,g         1
  _FLASH_WRITE
                                  00008c36        c8   func ,g         0
  _READ_FLASH_MEM
                                  00008cfe       1f6   func ,g         0
FILE=DefaultBuild\N_DELAY.obj
                                  00008ef4  00008f1f        2c
  _MS_TIMER
                                  00008ef4        16   func ,g       1a9
  _US_TIMER
                                  00008f0a        16   func ,g         0
FILE=DefaultBuild\V_Control.obj
                                  00008f20  0000946c       54d
  _SYSTEM_STATUS
                                  00008f20        ab   func ,g         1
  _VLT_RUNNING_MODE
                                  00008fcb        f3   func ,g         1
  _SYSTEM_ALERT_CHECK
                                  000090be       1aa   func ,g         1
  _BATTERY_PERCENTAGE_CALC
                                  00009268        cb   func ,g         1
  _ACC_GRY_INTZ
                                  00009333        56   func ,g         0
  _ACC_GYRO_READ
                                  00009389        e4   func ,g         0
FILE=DefaultBuild\N_Serial.obj
                                  0000946d  000095c2       156
  _R_UART2_SEND_User
                                  0000946d        73   func ,g        b7
  _R_UART2_SEND
                                  000094e0        1d   func ,g       15b
  _R_UART1_Send_1_User
                                  000094fd        11   func ,g         1
  _R_UART1_SEND
                                  0000950e        1d   func ,g         4
  _R_CSI00_SEND
                                  0000952b         e   func ,g        10
  _SEND_TO_ARRAY
                                  00009539        1d   func ,g         1
  _SEND_TO_ARRAY_Value
                                  00009556        6d   func ,g         0
FILE=DefaultBuild\GSM_INTZ_AND_SMS_HANDLING.obj
                                  000095c3  0000a671      10af
  _MANUAL_NET
                                  000095c3       11e   func ,g         1
  _NEW_SMS_READ
                                  000096e1       88e   func ,g         1
  _InitM95
                                  00009f6f        31   func ,g         0
  _GSM_INTZ
                                  00009fa0       39e   func ,g         8
  _GSM_SMS_DIAG
                                  0000a33e       334   func ,g         1
FILE=DefaultBuild\N_GSM_RESPONSE_HANDLE.obj
                                  0000a672  0000d3a2      2d31
  _ACK_RX
                                  0000a672       2a3   func ,g        46
  _CMD_DATA_READ_IN_EEPROM
                                  0000a915       791   func ,g         1
  _CMD_DATA_WRITE_IN_EEROM
                                  0000b0a6       5d3   func ,g        1f
  _GSM_UART_RX
                                  0000b679      1d2a   func ,g         1
FILE=DefaultBuild\FIRMWARE_HANDLING.obj
                                  0000d3a3  0000d5a2       200
  _ADDRESS_INC
                                  0000d3a3        1b   func ,g         0
  _EEPROM_FILE_WRITE
                                  0000d3be        a7   func ,g         1
  _FILE_CLOSE
                                  0000d465        58   func ,g         2
  _FIRMWARE_DOWNLOAD_FROM_M95
                                  0000d4bd        e6   func ,g         1
FILE=DefaultBuild\N_IEEPROM.obj
                                  0000d5a3  0000d6ee       14c
  _fdl_clcok_init
                                  0000d5a3        3b   func ,g         0
  _blank_check
                                  0000d5de        47   func ,g         0
  _block_erase
                                  0000d625        2f   func ,g         0
  _fdl_write
                                  0000d654        48   func ,g         0
  _fdl_read
                                  0000d69c        4a   func ,g         0
  _delay
                                  0000d6e6         9   func ,g         1
FILE=DefaultBuild\r_cg_pfdl.obj
                                  0000d6ef  0000d7fb       10d
  _R_FDL_Create
                                  0000d6ef         8   func ,g         0
  _R_FDL_Write
                                  0000d6f7        36   func ,g         0
  _R_FDL_Read
                                  0000d72d        25   func ,g         0
  _R_FDL_Erase
                                  0000d752        2c   func ,g         0
  _R_FDL_Open
                                  0000d77e        12   func ,g         0
  _R_FDL_Close
                                  0000d790         8   func ,g         0
  _R_FDL_BlankCheck
                                  0000d798        32   func ,g         0
  _R_FDL_IVerify
                                  0000d7ca        32   func ,g         0

SECTION=.monitor2
FILE=rlink_generates_02
                                  0000fe00  0000ffff       200

SECTION=.bss
FILE=DefaultBuild\r_main.obj
                                  000fef00  000fef2b        2c
  _UPDATE_TIME
                                  000fef00         2   data ,g         0
  _WATCH_DOG_KILL
                                  000fef02         2   data ,g         7
  _t_count
                                  000fef04         2   data ,g        39
  _MINUTE
                                  000fef06         2   data ,g         5
  _BOOT_FLAG
                                  000fef08         1   data ,g         1
  _RTC_DONE
                                  000fef09         1   data ,g         1
  _ONCE_RESTART
                                  000fef0a         1   data ,g         0
  _EEPROM_WORKING
                                  000fef0b         1   data ,g         0
  _IGNITION_CONTROL_STATE
                                  000fef0c         1   data ,g         1
  _LOW_BATTER_ALERT_SEND
                                  000fef0d         1   data ,g         0
  _SYSTEM_READY
                                  000fef0e         1   data ,g         7
  _FIRMWARE_UPDATE
                                  000fef0f         1   data ,g         4
  _GPS_RMC_DATA_RX
                                  000fef10         1   data ,g         3
  _GPS_GGA_DATA_RX
                                  000fef11         1   data ,g         3
  _GPS_VTG_DATA_RX
                                  000fef12         1   data ,g         4
  _POWER_SOURCE
                                  000fef13         1   data ,g         2
  _WELCOME_STRING_FRAME
                                  000fef14         1   data ,g         2
  _PANIC_ALERT_PACKET
                                  000fef15         1   data ,g         9
  _IGNITION_ON_PACKET
                                  000fef16         1   data ,g         d
  _IGNITION_OFF_PACKET
                                  000fef17         1   data ,g         c
  _POWER_SOURCE_PACKET
                                  000fef18         1   data ,g         5
  _LOW_BATTERY_ALERT_PACKET
                                  000fef19         1   data ,g         5
  _IGNITION
                                  000fef1a         1   data ,g         8
  _a
                                  000fef1c         2   data ,g         3
  _b
                                  000fef1e         2   data ,g         3
  _c
                                  000fef20         2   data ,g         2
  _d
                                  000fef22         2   data ,g         2
  _z
                                  000fef24         2   data ,g         2
  _l
                                  000fef26         2   data ,g         2
  _a0
                                  000fef28         2   data ,g         1
  _p
                                  000fef2a         2   data ,g         0
FILE=DefaultBuild\r_cg_intc_user.obj
                                  000fef2c  000fef2f         4
  _INT_COUNT
                                  000fef2c         1   data ,g         1
  _HA_ALERT
                                  000fef2e         2   data ,g         5
FILE=DefaultBuild\r_cg_serial.obj
                                  000fef30  000fef4f        20
  _gp_uart1_tx_address
                                  000fef30         2   data ,g         5
  _g_uart1_tx_count
                                  000fef32         2   data ,g         4
  _gp_uart1_rx_address
                                  000fef34         2   data ,g         3
  _g_uart1_rx_count
                                  000fef36         2   data ,g         4
  _g_uart1_rx_length
                                  000fef38         2   data ,g         3
  _gp_csi00_rx_address
                                  000fef3a         2   data ,g         4
  _g_csi00_rx_length
                                  000fef3c         2   data ,g         0
  _g_csi00_rx_count
                                  000fef3e         2   data ,g         0
  _gp_csi00_tx_address
                                  000fef40         2   data ,g         5
  _g_csi00_send_length
                                  000fef42         2   data ,g         0
  _g_csi00_tx_count
                                  000fef44         2   data ,g         5
  _gp_uart2_tx_address
                                  000fef46         2   data ,g         5
  _g_uart2_tx_count
                                  000fef48         2   data ,g         4
  _gp_uart2_rx_address
                                  000fef4a         2   data ,g         3
  _g_uart2_rx_count
                                  000fef4c         2   data ,g         4
  _g_uart2_rx_length
                                  000fef4e         2   data ,g         3
FILE=DefaultBuild\r_cg_serial_user.obj
                                  000fef50  000fef50         1
  _NAVIGATION_RX
                                  000fef50         1   data ,g         7
FILE=DefaultBuild\r_cg_timer_user.obj
                                  000fef52  000fef6a        19
  _SELECTION
                                  000fef52         1   data ,g         3
  _WATCH_DOG
                                  000fef53         1   data ,g         8
  _HOOTER_COUNT
                                  000fef54         2   data ,g         5
  _ADC_COUNT
                                  000fef56         2   data ,g         4
  _RTC_UPDATE
                                  000fef58         2   data ,g         3
  _CHECKING
                                  000fef5a         2   data ,g         1
  _GPS_RESET_COUNT
                                  000fef5c         2   data ,g         2
  _BLINK_COUNT
                                  000fef5e         2   data ,g         6
  _T_SECONDS
                                  000fef60         2   data ,g         3
  _T_MINUTE
                                  000fef62         2   data ,g         3
  _T_HOUR
                                  000fef64         2   data ,g         3
  _PANIC_COUNT
                                  000fef66         2   data ,g         3
  _I_HOURS
                                  000fef68         2   data ,g         2
  _MAIN_BAT_STATUS
                                  000fef6a         1   data ,g         7
FILE=DefaultBuild\N_EEPROM.obj
                                  000fef6c  000ff021        b6
  _FOR_5
                                  000fef6c         2   data ,g         0
  _NEXT
                                  000fef6e         2   data ,g         0
  _DATA
                                  000fef70         2   data ,g         0
  _READ_ADDRESS
                                  000fef72         2   data ,g         0
  _WRITE_ADDRESS
                                  000fef74         2   data ,g         9
  _TEMPS
                                  000fef76         2   data ,g         0
  _WRITE_ADDRESS_MSB
                                  000fef78         2   data ,g         4
  _WRITE_ADDRESS_LSB
                                  000fef7a         2   data ,g         4
  _FIRM_DATA
                                  000fef7c        96   data ,g         6
  _TIME
                                  000ff012         a   data ,g        12
  _STOP_WRITING
                                  000ff01c         1   data ,g         3
  _BYTE
                                  000ff01e         2   data ,g         5
  _EEPROM_ADDRESS
                                  000ff020         2   data ,g         3
FILE=DefaultBuild\N_GPS.obj
                                  000ff022  000ff065        44
  _GPS_RMC_RX
                                  000ff022         1   data ,g         7
  _data_count
                                  000ff023         1   data ,g         8
  _RMC_DATA
                                  000ff024         1   data ,g         3
  _HOURS_MSB
                                  000ff025         1   data ,g         2
  _HOURS_LSB
                                  000ff026         1   data ,g         2
  _MIN_MSB
                                  000ff027         1   data ,g         2
  _MIN_LSB
                                  000ff028         1   data ,g         2
  _SEC_MSB
                                  000ff029         1   data ,g         2
  _SEC_LSB
                                  000ff02a         1   data ,g         2
  _GPS_DIRECTION_DATA_VALID
                                  000ff02b         1   data ,g        18
  _GPS_BUSY
                                  000ff02c         1   data ,g         7
  _R
                                  000ff02d         1   data ,g         7
  _DATE_MSB
                                  000ff02e         1   data ,g         2
  _DATE_LSB
                                  000ff02f         1   data ,g         2
  _MONTH_MSB
                                  000ff030         1   data ,g         2
  _MONTH_LSB
                                  000ff031         1   data ,g         2
  _YEAR_MSB
                                  000ff032         1   data ,g         2
  _YEAR_LSB
                                  000ff033         1   data ,g         2
  _L
                                  000ff034         1   data ,g         4
  _NAVIGATION_ACK
                                  000ff035         1   data ,g         3
  _O
                                  000ff036         1   data ,g         3
  _GPS_RESTART
                                  000ff037         1   data ,g         9
  _RR
                                  000ff038         2   data ,g         0
  _COMMA
                                  000ff03a         1   data ,g         5
  _COMMA_1
                                  000ff03b         1   data ,g         6
  _VTG_FRAME_ACK
                                  000ff03c         1   data ,g         5
  _S
                                  000ff03d         1   data ,g         5
  _GPGA_FRAME_ACK
                                  000ff03e         1   data ,g         0
  _A
                                  000ff03f         1   data ,g         8
  _B
                                  000ff040         1   data ,g         6
  _GPS_GGA_RX
                                  000ff041         1   data ,g         0
  _HDOP
                                  000ff042         5   data ,g        12
  _NO_OF_SAT
                                  000ff047         1   data ,g         7
  _data_count_2
                                  000ff048         1   data ,g         0
  _GGA_DATA
                                  000ff049         1   data ,g         0
  _Q
                                  000ff04a         2   data ,g         7
  _W
                                  000ff04c         2   data ,g         6
  _COMMA_5
                                  000ff04e         2   data ,g         6
  _UART1_BUFFER_4
                                  000ff050         2   data ,g         0
  _PDOP_DATA_RX
                                  000ff052        10   data ,g         e
  _GSA_FRAME_ACK
                                  000ff062         2   data ,g         5
  _GPS_GSA_DATA_RX
                                  000ff064         2   data ,g         3
FILE=DefaultBuild\N_GSM.obj
                                  000ff066  000ff7f1       78c
  _DATA_BUFFER
                                  000ff066       100   data ,g        12
  _DATA_BUFFER_INDEX
                                  000ff166         2   data ,g         c
  _V_NO_LEN
                                  000ff168         1   data ,g         1
  _VN_ACK_RX
                                  000ff169         1   data ,g         6
  _PANIC_NUMBER_RX
                                  000ff16a         1   data ,g         4
  _TEMP_SET
                                  000ff16b        ff   data ,g         1
  _TEMP_TCP
                                  000ff26a        ff   data ,g         1
  _SET_TCP_FRAME_RX
                                  000ff369         1   data ,g         c
  _SETTING_CMD_FRAME_RX
                                  000ff36a         1   data ,g         c
  _RX_ACK_Frame
                                  000ff36b         1   data ,g         0
  _ACK
                                  000ff36c         1   data ,g        26
  _ERROR_OCCURED
                                  000ff36d         1   data ,g        2d
  _RX_SMS_CMD
                                  000ff36e         1   data ,g         0
  _t
                                  000ff36f         1   data ,g        66
  _SMS_FAIL_COUNT
                                  000ff370         1   data ,g         4
  _SMS_FAIL
                                  000ff371         1   data ,g        37
  _NETWORK_NAME_RX
                                  000ff372         1   data ,g         9
  _BATTERY_MEASUREMENT
                                  000ff373         1   data ,g         9
  _IGNITION_CTRL_RX
                                  000ff374         1   data ,g         4
  _INITIAL_MESSAGE
                                  000ff375         1   data ,g         1
  _P_LAT_DM_RX
                                  000ff376         1   data ,g         1
  _FILE_CLOSE_ATTEMPT
                                  000ff377         1   data ,g         3
  _GSM_REG
                                  000ff378         1   data ,g         6
  _GPRS_REG
                                  000ff379         1   data ,g         9
  _GET_SS
                                  000ff37a         1   data ,g         3
  _dBm
                                  000ff37b         1   data ,g         4
  _GPRS_CONNECTED
                                  000ff37c         1   data ,g         4
  _INTERNET_CONNECTED
                                  000ff37d         1   data ,g        19
  _DISCONNECT
                                  000ff37e         1   data ,g         8
  _LOW_BATTERY_ALERT
                                  000ff37f         1   data ,g         0
  _HTTP_CONNECT_COUNT
                                  000ff380         1   data ,g         6
  _NW_NAME_RX
                                  000ff381         1   data ,g         9
  _i
                                  000ff382         1   data ,g        16
  _SMS
                                  000ff383         1   data ,g         2
  _NETWORK_FAILURE
                                  000ff384         1   data ,g         a
  _HTTP_PRINT
                                  000ff385         1   data ,g         0
  _SPEED_DATA
                                  000ff386         a   data ,g         a
  _SS_DATA_RX
                                  000ff390         1   data ,g         7
  _CPIN
                                  000ff391         1   data ,g         4
  _P_TIME
                                  000ff392         a   data ,g         0
  _P_SEND_TIME
                                  000ff39c         a   data ,g         0
  _P_SEND_LOG_DM
                                  000ff3a6         a   data ,g         0
  _P_SEND_LAT_DM
                                  000ff3b0         a   data ,g         0
  _FTP_ADDRESS
                                  000ff3ba         8   data ,g         3
  _FTP_CONNECT_COUNT
                                  000ff3c2         1   data ,g         3
  _FILE_ADDR
                                  000ff3c3         1   data ,g         5
  _FIRMWARE_VERSION_RX
                                  000ff3c4         1   data ,g         0
  _I
                                  000ff3c5        64   data ,g       142
  _IMEI_EEPROM
                                  000ff429        10   data ,g         c
  _PANIC_CTRL_RX
                                  000ff439         1   data ,g         4
  _PANIC_CONTROL_STATE
                                  000ff43a         1   data ,g         a
  _PANIC_CONTROL_RX
                                  000ff43b         1   data ,g         0
  _FIRM_UPDATE_CTRL_RX
                                  000ff43c         1   data ,g         4
  _FIRM_UPDATE_CONTROL_STATE
                                  000ff43d         1   data ,g         1
  _FIRM_UPDATE_CONTROL_RX
                                  000ff43e         1   data ,g         0
  _FILE
                                  000ff43f        96   data ,g         4
  _CELL_ID
                                  000ff4d5         5   data ,g         5
  _LAC
                                  000ff4da         5   data ,g         6
  _NCELL_CID
                                  000ff4df        14   data ,g         9
  _NCELL_LAC
                                  000ff4f3        14   data ,g         9
  _NCELL_DBM
                                  000ff507         4   data ,g         a
  _SERVING_CELL_DBM
                                  000ff50c         2   data ,g         a
  _K
                                  000ff50e         2   data ,g         3
  _TEMP_EMGT_TIME
                                  000ff510         2   data ,g         6
  _FOR_1
                                  000ff512         2   data ,g       164
  _FOR_2
                                  000ff514         2   data ,g        2e
  _FOR_3
                                  000ff516         2   data ,g         c
  _Address_1
                                  000ff518         2   data ,g         1
  _NW_REGN_COUNT
                                  000ff51a         2   data ,g         c
  _FLASH_MEMORY
                                  000ff51c         2   data ,g         2
  _GPRS_REG_COUNT
                                  000ff51e         2   data ,g         4
  _MAIN_BATTERY_VOLTAGE
                                  000ff520         2   data ,g         6
  _ADC_BUFFER
                                  000ff522         2   data ,g         2
  _BACKUP_BATTERY_VOLTAGE
                                  000ff524         2   data ,g        19
  _GPRS_REG_ROAMING
                                  000ff526         2   data ,g         5
  _GSM_REG_ROAMING
                                  000ff528         2   data ,g         6
  _T_SPEED
                                  000ff52a         2   data ,g         3
  _FILTER
                                  000ff52c         2   data ,g         1
  _DATA_HEADER
                                  000ff52e         2   data ,g         8
  _TEMP_VERSION
                                  000ff530         2   data ,g         0
  _CHECKSUM_BYTE
                                  000ff532         2   data ,g        34
  _MN
                                  000ff534         2   data ,g         3
  _VERSION_TEMP
                                  000ff536         2   data ,g         0
  _FRM_VERSION
                                  000ff538         2   data ,g         0
  _CURRENT_FRM_VERSION
                                  000ff53a         2   data ,g         c
  _HEX
                                  000ff53c         2   data ,g         0
  _TEMP_3
                                  000ff53e         2   data ,g         8
  _VOLT
                                  000ff540         2   data ,g        54
  _TEMP_MAIN_BATTERY_VOLTAGE
                                  000ff542         2   data ,g         0
  _J
                                  000ff544         2   data ,g         4
  _RESTART
                                  000ff546         2   data ,g        76
  _FRAME_NUMBER
                                  000ff548         4   data ,g         4
  _TEMP_FRAME_NUMBER
                                  000ff54c         4   data ,g        28
  _TEMP_FRM_VERSION
                                  000ff550         4   data ,g        18
  _GPS_RST_FLAG
                                  000ff554         1   data ,g         4
  _DEVICE_RESTART_RX_1
                                  000ff555         1   data ,g         5
  _WELCOME_STRING_FRAME_BOOT
                                  000ff556         1   data ,g         2
  _SET_OTA_UPDATE
                                  000ff557         1   data ,g         0
  _SETTING_CMD
                                  000ff558         1   data ,g         1
  _SET_APN
                                  000ff559         1   data ,g         0
  _SET_TCP
                                  000ff55a         1   data ,g         1
  _BSNL_CONNECT_FLAG
                                  000ff55b         1   data ,g         4
  _BSNL_CONNECT
                                  000ff55c         1   data ,g         2
  _CONNECT_FAIL
                                  000ff55d         1   data ,g         1
  _ALREADY_CONNECT
                                  000ff55e         1   data ,g         1
  _ALREADY_CONNECT_FLAG
                                  000ff55f         1   data ,g         0
  _QST_CMD_FLAG
                                  000ff560         1   data ,g         1
  _HARSH_BRAKE_PACKET
                                  000ff561         1   data ,g         3
  _HARSH_TURN_PACKET
                                  000ff562         1   data ,g         3
  _HARSH_ACC_PACKET
                                  000ff563         1   data ,g         3
  _BATTERY_CHARGED_PACKET
                                  000ff564         1   data ,g         3
  _REFRESH
                                  000ff565         1   data ,g         3
  _PRIMARY_IP
                                  000ff566         1   data ,g         0
  _SECONDARY_IP
                                  000ff567         1   data ,g         0
  _PRI_IP_PN_SMS
                                  000ff568         1   data ,g         3
  _SEC_IP_PN_SMS
                                  000ff569         1   data ,g         1
  _HEALTH_CMD2
                                  000ff56a         1   data ,g         3
  _DATA_SEND
                                  000ff56b         1   data ,g         1
  _k
                                  000ff56c         1   data ,g         0
  _IGNITION_ON_PACKET_SENT
                                  000ff56d         1   data ,g         3
  _IGNITION_OFF_PACKET_SENT
                                  000ff56e         1   data ,g         6
  _HEALTH_CMD_FRAME_RX
                                  000ff56f         1   data ,g         9
  _SET_SETTINGS_FRAME_RX
                                  000ff570         1   data ,g         0
  _HEALTH_ON_DURATON_RX
                                  000ff571         1   data ,g         0
  _PANIC_ON_DURATON_RX
                                  000ff572         1   data ,g         0
  _PANIC_ON_DURATON_S_RX
                                  000ff573         1   data ,g         0
  _HEALTH_ON_DURATON_S_RX
                                  000ff574         1   data ,g         0
  _APN_S_RX
                                  000ff575         1   data ,g         0
  _TEMP_APN2
                                  000ff576        14   data ,g        14
  _GET_SMS_RX
                                  000ff58a         1   data ,g         0
  _GET_PIP_S_RX
                                  000ff58b         1   data ,g         0
  _GET_SIP_S_RX
                                  000ff58c         1   data ,g         0
  _SET_PIP_PN_RX
                                  000ff58d         1   data ,g         0
  _SET_SIP_PN_RX
                                  000ff58e         1   data ,g         0
  _SET_SLEEP_ON_RX
                                  000ff58f         1   data ,g         0
  _SET_SLEEP_OF_RX
                                  000ff590         1   data ,g         0
  _SET_OVERSPEED_RX
                                  000ff591         1   data ,g         0
  _GET_OVER_SPEED_RX
                                  000ff592         1   data ,g         0
  _GET_SLEEP_TIME_RX
                                  000ff593         1   data ,g         0
  _GET_SLEEP_OFF_TIME_RX
                                  000ff594         1   data ,g         0
  _DECIMAL_POINT_CAME_STOP_TX
                                  000ff595         1   data ,g         6
  _POWER_SOURCE_RECONNECT_PACKET
                                  000ff596         1   data ,g         4
  _GET_MCC_MNC_LAC_CELL_ID_RX
                                  000ff597         1   data ,g         3
  _ADD_ZERO_TO_SPEED
                                  000ff598         1   data ,g         5
  _SMS_PIN_WRONG
                                  000ff599         1   data ,g         9
  _NEW_SMS_RX_FRAME_RX
                                  000ff59a         1   data ,g         8
  _PHONE_NUMBER_OF_SENDER_RX
                                  000ff59b         1   data ,g         6
  _DEVICE_RESET_CMD_FRAME_RX
                                  000ff59c         1   data ,g         b
  _DEVICE_RESET_CMD
                                  000ff59d         1   data ,g         4
  _SERVER_UPDATE_TIME_CMD_FRAME_RX
                                  000ff59e         1   data ,g         0
  _SET_EMERGENCY_NUMBER_FRAME_CMD
                                  000ff59f         1   data ,g         0
  _SET_REGN_NUMBER_FRAME_CMD
                                  000ff5a0         1   data ,g         0
  _UPDATE_EMERGENCY_NUMBER
                                  000ff5a1         1   data ,g         3
  _UPDATE_IP
                                  000ff5a2         1   data ,g         0
  _SET_IP_FRAME_CMD
                                  000ff5a3         1   data ,g         2
  _URL_PRINT
                                  000ff5a4         1   data ,g         5
  _MESSAGE_READ
                                  000ff5a5         1   data ,g         0
  _SET_SLEEP_OFF_CMD
                                  000ff5a6         1   data ,g         2
  _SET_SLEEP_ON_CMD
                                  000ff5a7         1   data ,g         2
  _OVER_SPEED_CMD
                                  000ff5a8         1   data ,g         2
  _GET_EMGT_TIME_CMD
                                  000ff5a9         1   data ,g         2
  _ACTIVATION_CMD
                                  000ff5aa         1   data ,g         3
  _HEALTH_AND_ACTIVATION_CMD
                                  000ff5ab         1   data ,g         4
  _PANIC_CONTROL_STATE_1
                                  000ff5ac         1   data ,g         7
  _GSM_NW_REG_CHECK
                                  000ff5ad         1   data ,g         3
  _GPRS_REG_CHECK
                                  000ff5ae         1   data ,g         3
  _GET_SIGNAL_STRENGTH_CHECK
                                  000ff5af         1   data ,g         3
  _CPIN_READY_CHECK
                                  000ff5b0         1   data ,g         3
  _DECIMAL_POINT
                                  000ff5b1         1   data ,g         8
  _UPDATE_RP_NO
                                  000ff5b2         1   data ,g         2
  _VLT_STARTUP
                                  000ff5b3         1   data ,g         9
  _NORMAL_PACKET
                                  000ff5b4         1   data ,g         d
  _DEVICE_CLEAR_CMD_FRAME_RX
                                  000ff5b5         1   data ,g         0
  _DEVICE_CLEAR_CMD
                                  000ff5b6         1   data ,g         2
  _HARSH_BRAKE_CMD_RX
                                  000ff5b7         1   data ,g         5
  _HARSH_TURN_CMD_RX
                                  000ff5b8         1   data ,g         2
  _HARSH_ACCEL_CMD_RX
                                  000ff5b9         1   data ,g         0
  _HEALTH_ON_DURATON_CMD
                                  000ff5ba         1   data ,g         3
  _PANIC_ON_DURATON_CMD
                                  000ff5bb         1   data ,g         2
  _PANIC_TIME_START
                                  000ff5bc         1   data ,g         6
  _PANIC_SERVER_COUNT
                                  000ff5bd         1   data ,g         0
  _HEALTH_PACKET_TO_SERVER
                                  000ff5be         1   data ,g         5
  _GET_SMS_CMD
                                  000ff5bf         1   data ,g         4
  _GET_PIP_CMD
                                  000ff5c0         1   data ,g         2
  _GET_SIP_CMD
                                  000ff5c1         1   data ,g         2
  _GET_PPT_S_CMD
                                  000ff5c2         1   data ,g         0
  _GET_SPT_S_CMD
                                  000ff5c3         1   data ,g         0
  _GPS_STANDBY
                                  000ff5c4         1   data ,g         4
  _WATCH_DOG_FORCE_KILL
                                  000ff5c5         1   data ,g         5
  _HTTP_DOWNLOAD_ACK
                                  000ff5c6         1   data ,g         3
  _FTP_ACK
                                  000ff5c7         1   data ,g         4
  _FTP_DOWNLOAD_ACK
                                  000ff5c8         1   data ,g         3
  _FIRMWARE_DOWNLOADED
                                  000ff5c9         1   data ,g         3
  _FILE_ACK
                                  000ff5ca         1   data ,g         7
  _FILE_DOWNLOAD
                                  000ff5cb         1   data ,g         3
  _FLAG
                                  000ff5cc         1   data ,g         4
  _STOP_FILE_READING
                                  000ff5cd         1   data ,g         3
  _IMEI_RX
                                  000ff5ce         1   data ,g         3
  _IMEI_ACK_RX
                                  000ff5cf         1   data ,g         5
  _DEVICE_RESTART_RX
                                  000ff5d0         1   data ,g         5
  _HARSH_BRAKE_CMD
                                  000ff5d1         1   data ,g         2
  _HARSH_TURN_CMD
                                  000ff5d2         1   data ,g         5
  _HARSH_ACCEL_CMD
                                  000ff5d3         1   data ,g         6
  _AD
                                  000ff5d4         2   data ,g         8
  _resend
                                  000ff5d6         2   data ,g         0
  _p1
                                  000ff5d8         1   data ,g         0
  _p2
                                  000ff5d9         1   data ,g         0
  _p3
                                  000ff5da         1   data ,g         0
  _p4
                                  000ff5db         1   data ,g         0
  _MCC_MNC_LAC_CELL_ID_LENGTH
                                  000ff5dc         1   data ,g         1
  _FOR_7
                                  000ff5dd         1   data ,g         4
  _ALTITUDE_VALUE_COUNT
                                  000ff5de         1   data ,g         e
  _NEW_SMS_INBOX_ADDRESS
                                  000ff5df        14   data ,g         5
  _NEW_SMS
                                  000ff5f3         1   data ,g         9
  _PHONE_NUMBER_OF_SENDER
                                  000ff5f4         c   data ,g        36
  _TEMP_REGN_NUMBER
                                  000ff600         f   data ,g         1
  _SET_APN_FRAME_RX
                                  000ff60f         1   data ,g         6
  _IGNITION_ON_TIME_RX
                                  000ff610         1   data ,g         0
  _IGNITION_OFF_TIME_RX
                                  000ff611         1   data ,g         0
  _URL_COUNT
                                  000ff612         2   data ,g         0
  _VEICHLE_REG_COUNT
                                  000ff614         2   data ,g         0
  _IGNITION_ON_UPDATE_TIME
                                  000ff616         2   data ,g         a
  _IGNITION_OFF_UPDATE_TIME
                                  000ff618         2   data ,g         a
  _UPDATE_TIME_ON_TIME
                                  000ff61a         2   data ,g         5
  _UPDATE_TIME_OFF_TIME
                                  000ff61c         2   data ,g         5
  _HEALTH_ON_DURATON_LEVEL
                                  000ff61e         2   data ,g        10
  _P_DL
                                  000ff620         2   data ,g         0
  _PANIC_ALERT_TIME
                                  000ff622         2   data ,g         4
  _PANIC_TIME
                                  000ff624         2   data ,g         4
  _HEALTH_ALERT_TIME
                                  000ff626         2   data ,g         3
  _APN_TEMP
                                  000ff628         2   data ,g         7
  _HARSH_BRAKE_LEVEL
                                  000ff62a         2   data ,g         a
  _HARSH_TURN_LEVEL
                                  000ff62c         2   data ,g         a
  _HARSH_ACCEL_LEVEL
                                  000ff62e         2   data ,g         8
  _HT_LEVEL
                                  000ff630         2   data ,g         3
  _HB_LEVEL
                                  000ff632         2   data ,g         3
  _P_D_L
                                  000ff634         2   data ,g         c
  _SLEEP_ON_LEVEL
                                  000ff636         2   data ,g         0
  _SLEEP_OF_LEVEL
                                  000ff638         2   data ,g         0
  _SLEEP_OFF_LEVEL
                                  000ff63a         2   data ,g         0
  _OVER_SPEED
                                  000ff63c         2   data ,g         5
  _TEMP_OVS_LEVEL
                                  000ff63e         2   data ,g         7
  _SLEEP_OFF_TIME
                                  000ff640         2   data ,g         5
  _TEMP_SLEEP_OFF_TIME
                                  000ff642         2   data ,g         7
  _EMGT_TIME
                                  000ff644         2   data ,g         4
  _ENGINEER_MODE_FRAME_1_ACK
                                  000ff646         1   data ,g         4
  _P
                                  000ff647         1   data ,g        10
  _MCC_MNC_LAC_CELL_ID
                                  000ff648        14   data ,g         0
  _GSM_COMMA
                                  000ff65c         1   data ,g         9
  _GET_IMEI_SMS_CMD_RX
                                  000ff65d         1   data ,g         d
  _UPDATE_INTERVAL_CMD
                                  000ff65e         1   data ,g         0
  _HARSH_ACCEL_CMD_SMS_RX
                                  000ff65f         1   data ,g         0
  _HARSH_TURN_CMD_SMS_RX
                                  000ff660         1   data ,g         0
  _HARSH_BRAKE_CMD_SMS_RX
                                  000ff661         1   data ,g         0
  _HARSH_ACCEL_CMD_SMS_LEVEL
                                  000ff662         1   data ,g         0
  _HARSH_TURN_CMD_SMS_LEVEL
                                  000ff663         1   data ,g         0
  _HARSH_BRAKE_CMD_SMS_LEVEL
                                  000ff664         1   data ,g         0
  _TEMP_EMERGENCY_NUMBER
                                  000ff665         5   data ,g         3
  _DBM_1
                                  000ff66a         5   data ,g         6
  _LAC_1
                                  000ff66f         5   data ,g         3
  _CELL_ID_1
                                  000ff674         5   data ,g         3
  _DBM_2
                                  000ff679         5   data ,g         6
  _LAC_2
                                  000ff67e         5   data ,g         3
  _CELL_ID_2
                                  000ff683         5   data ,g         3
  _DBM_3
                                  000ff688         5   data ,g         6
  _LAC_3
                                  000ff68d         5   data ,g         3
  _CELL_ID_3
                                  000ff692         5   data ,g         3
  _DBM_4
                                  000ff697         5   data ,g         6
  _LAC_4
                                  000ff69c         5   data ,g         3
  _CELL_ID_4
                                  000ff6a1         5   data ,g         3
  _N
                                  000ff6a6         1   data ,g        1c
  _GSM_COMMA_2
                                  000ff6a7         1   data ,g        10
  _SPEED_DATA_LENGTH_COUNT
                                  000ff6a8         1   data ,g         6
  _APN_LENGTH
                                  000ff6a9         1   data ,g         9
  _COG_VALUE_COUNT
                                  000ff6aa         1   data ,g         c
  _PDOP_COUNT
                                  000ff6ab         1   data ,g         0
  _HDOP_COUNT
                                  000ff6ac         1   data ,g         0
  _GET_VLT_IMEI_PH_CMD
                                  000ff6ad         1   data ,g         4
  _VERSION_CMD_SET
                                  000ff6ae         1   data ,g         4
  _ENGINEER_MODE_FRAME_2_ACK
                                  000ff6af         1   data ,g         5
  _GET_NMR_RX
                                  000ff6b0         1   data ,g         3
  _HEX_CHARACTER_CONVERSION
                                  000ff6b1         1   data ,g         6
  _SMS_CMD_REPLY
                                  000ff6b2         1   data ,g         2
  _VERSION_CMD_RX
                                  000ff6b3         1   data ,g         0
  _SEND_IMEI
                                  000ff6b4         1   data ,g         3
  _UPDATE_INTERVAL_CMD_2
                                  000ff6b5         1   data ,g         0
  _SET_APN_FRAME_CMD
                                  000ff6b6         1   data ,g         0
  _UPDATE_APN
                                  000ff6b7         1   data ,g         3
  _UPDATE_REGISTRATION_NUMBER
                                  000ff6b8         1   data ,g         2
  _UPDATE_INTERVAL_TIME_FOR_IGNITION_ON_CMD
                                  000ff6b9         1   data ,g         2
  _UPDATE_INTERVAL_TIME_FOR_IGNITION_OFF_CMD
                                  000ff6ba         1   data ,g         2
  _SMS_CMD_DATA_UPLOAD_UONT
                                  000ff6bb         1   data ,g         0
  _SMS_CMD_DATA_UPLOAD
                                  000ff6bc         1   data ,g         0
  _UPDATE_REGISTRATION_NUMBER_1
                                  000ff6bd         1   data ,g         3
  _OTA_PACKET
                                  000ff6be         1   data ,g        22
  _PANIC_TIME_STOP
                                  000ff6bf         1   data ,g         4
  _PRIMARY_PN
                                  000ff6c0         1   data ,g         0
  _SECONDARY_PN
                                  000ff6c1         1   data ,g         0
  _SLEEP_ON_TIME_CMD
                                  000ff6c2         1   data ,g         2
[...]
  _bit2
                                  000ff90d         1   data ,g         0
  _bit3
                                  000ff90e         1   data ,g         0
  _bit4
                                  000ff90f         1   data ,g         0
  _err_blcok0
                                  000ff910         1   data ,g         1
  _err_blcok1
                                  000ff911         1   data ,g         1
  _err_blcok2
                                  000ff912         1   data ,g         0
  _err_blcok3
                                  000ff913         1   data ,g         0
  _intp_cnt
                                  000ff914         1   data ,g         0
  _Write_Buffer
                                  000ff915         a   data ,g         0
    struct  {
                                                   a
      _Write_Buffer.data1
                                  000ff915         1   unsigned char
      _Write_Buffer.data2
                                  000ff916         1   unsigned char
      _Write_Buffer.data3
                                  000ff917         1   unsigned char
      _Write_Buffer.data4
                                  000ff918         1   unsigned char
      _Write_Buffer.data5
                                  000ff919         1   unsigned char
      _Write_Buffer.data6
                                  000ff91a         1   unsigned char
      _Write_Buffer.data7
                                  000ff91b         1   unsigned char
      _Write_Buffer.data8
                                  000ff91c         1   unsigned char
      _Write_Buffer.data9
                                  000ff91d         1   unsigned char
      _Write_Buffer.data10
                                  000ff91e         1   unsigned char
    }
  _Write_Buffer2
                                  000ff91f         a   data ,g         0
    struct  {
                                                   a
      _Write_Buffer2.data1
                                  000ff91f         1   unsigned char
      _Write_Buffer2.data2
                                  000ff920         1   unsigned char
      _Write_Buffer2.data3
                                  000ff921         1   unsigned char
      _Write_Buffer2.data4
                                  000ff922         1   unsigned char
      _Write_Buffer2.data5
                                  000ff923         1   unsigned char
      _Write_Buffer2.data6
                                  000ff924         1   unsigned char
      _Write_Buffer2.data7
                                  000ff925         1   unsigned char
      _Write_Buffer2.data8
                                  000ff926         1   unsigned char
      _Write_Buffer2.data9
                                  000ff927         1   unsigned char
      _Write_Buffer2.data10
                                  000ff928         1   unsigned char
    }
  _Read_Buffer
                                  000ff929         a   data ,g         0
    struct  {
                                                   a
      _Read_Buffer.data1
                                  000ff929         1   unsigned char
      _Read_Buffer.data2
                                  000ff92a         1   unsigned char
      _Read_Buffer.data3
                                  000ff92b         1   unsigned char
      _Read_Buffer.data4
                                  000ff92c         1   unsigned char
      _Read_Buffer.data5
                                  000ff92d         1   unsigned char
      _Read_Buffer.data6
                                  000ff92e         1   unsigned char
      _Read_Buffer.data7
                                  000ff92f         1   unsigned char
      _Read_Buffer.data8
                                  000ff930         1   unsigned char
      _Read_Buffer.data9
                                  000ff931         1   unsigned char
      _Read_Buffer.data10
                                  000ff932         1   unsigned char
    }
  _Read_Buffer2
                                  000ff933         a   data ,g         1
    struct  {
                                                   a
      _Read_Buffer2.data1
                                  000ff933         1   unsigned char
      _Read_Buffer2.data2
                                  000ff934         1   unsigned char
      _Read_Buffer2.data3
                                  000ff935         1   unsigned char
      _Read_Buffer2.data4
                                  000ff936         1   unsigned char
      _Read_Buffer2.data5
                                  000ff937         1   unsigned char
      _Read_Buffer2.data6
                                  000ff938         1   unsigned char
      _Read_Buffer2.data7
                                  000ff939         1   unsigned char
      _Read_Buffer2.data8
                                  000ff93a         1   unsigned char
      _Read_Buffer2.data9
                                  000ff93b         1   unsigned char
      _Read_Buffer2.data10
                                  000ff93c         1   unsigned char
    }
FILE=DefaultBuild\r_cg_pfdl.obj
                                  000ff93e  000ff94a         d
  _gFdlResult
                                  000ff93e         1   data ,g         d
  _gFdlReq
                                  000ff940         8   data ,g        15
    struct  {
                                                   8
      _gFdlReq.index_u16
                                  000ff940         2   unsigned int
      _gFdlReq.data_pu08
                                  000ff942         4   [near pointer]
      _gFdlReq.bytecount_u16
                                  000ff944         2   unsigned int
      _gFdlReq.command_enu
                                  000ff946         1   enum
    }
  _gFdlDesc
                                  000ff948         2   data ,g         5
    struct  {
                                                   2
      _gFdlDesc.fx_MHz_u08
                                  000ff948         1   unsigned char
      _gFdlDesc.wide_voltage_mode_u08
                                  000ff949         1   unsigned char
    }
  _gFdlStatus
                                  000ff94a         1   data ,g         7

SECTION=.dataR
FILE=DefaultBuild\r_main.obj
                                  000ff94c  000ff94c         1
  _PANIC_ALERT
                                  000ff94c         1   data ,g        10
FILE=DefaultBuild\N_GPS.obj
                                  000ff94e  000ff9b8        6b
  _LON_DIRECTION
                                  000ff94e         1   data ,g         5
  _LAT_DIRECTION
                                  000ff94f         1   data ,g         5
  _COG
                                  000ff950         6   data ,g         b
  _no
                                  000ff956         2   data ,g         4
  _LAT_DM
                                  000ff958         a   data ,g         8
  _LOG_DM
                                  000ff962         a   data ,g         8
  _LAT_DM_RX
                                  000ff96c        10   data ,g         7
  _LOG_DM_RX
                                  000ff97c        10   data ,g         7
  _GPGA_FRAME
                                  000ff98c         5   data ,g         0
  _GPGA_DATA
                                  000ff991         a   data ,g         0
  _VTG_FRAME
                                  000ff99b         3   data ,g         1
  _SPEED_DATA_RX
                                  000ff99e         a   data ,g         3
  _GSA_FRAME
                                  000ff9a8         3   data ,g         1
  _ALTITUDE
                                  000ff9ab         8   data ,g        11
  _NAVIGATION_FRAME_ACK
                                  000ff9b3         6   data ,g         1
FILE=DefaultBuild\N_GSM.obj
                                  000ff9ba  000ffb03       14a
  _apn_is_default
                                  000ff9ba         1   data ,g         3
  _default_apn
                                  000ff9bb        19   data ,g         1
  _APN_INDEX
                                  000ff9d4         1   data ,g         5
  _CGATT_POLL_COUNT
                                  000ff9d5         1   data ,g         0
  _GSM_STRENGTH
                                  000ff9d6         1   data ,g         7
  _TCP_CONNECTION_OPEN
                                  000ff9d7         1   data ,g         9
  _VEICHLE_NUMBER
                                  000ff9d8         f   data ,g        15
  _IMEI
                                  000ff9e7        10   data ,g         3
  _Array_0
                                  000ff9f7         a   data ,g        20
  _NETWORK_NAME
                                  000ffa01         8   data ,g        15
  _SMS_MOBILE_NO
                                  000ffa09        34   data ,g         a
  _REPLY_NUMBER
                                  000ffa3d         a   data ,g         3
  _TEMP_PIP
                                  000ffa47        1e   data ,g         9
  _TEMP_PPN
                                  000ffa65         6   data ,g         8
  _TEMP_PIP2
                                  000ffa6b        1e   data ,g         5
  _TEMP_PPN2
                                  000ffa89         6   data ,g         3
  _TEMP_SIP
                                  000ffa8f        1e   data ,g         9
  _TEMP_SPN
                                  000ffaad         6   data ,g         8
  _TEMP_SIP2
                                  000ffab3        1e   data ,g         6
  _TEMP_SPN2
                                  000ffad1         6   data ,g         4
  _QIMUX_SET
                                  000ffad7         1   data ,g         3
  _TEMP_APN
                                  000ffad8        19   data ,g        19
  _FLASH_WRITE_ADDRESS
                                  000ffaf2         4   data ,g         5
  _RECORD_ARRAY_ADDRESS
                                  000ffaf6         2   data ,g         4
  _FLASH_BYTE
                                  000ffaf8         2   data ,g         5
  _RDSR
                                  000ffafa         1   data ,g         1
  _WRSR
                                  000ffafb         2   data ,g         1
  _WREN
                                  000ffafd         1   data ,g         1
  _CE
                                  000ffafe         1   data ,g         1
  _STATUS_REG
                                  000ffaff         1   data ,g         1
  _READ
                                  000ffb00         4   data ,g         0
FILE=DefaultBuild\V_Control.obj
                                  000ffb04  000ffb05         2
  _health_packet_cycle_count@1@VLT_RUNNING_MODE
                                  000ffb04         2   data ,l         3
FILE=DefaultBuild\N_GSM_RESPONSE_HANDLE.obj
                                  000ffb06  000ffb08         3
  _APNLEN
                                  000ffb06         1   data ,g         0
  _MODEM_TIME_RX
                                  000ffb07         1   data ,g         5
  _TEMP_PROF
                                  000ffb08         1   data ,g        10

SECTION=RAM_VECT_n
FILE=DefaultBuild\u_ram_vector.obj
                                  000ffb0a  000ffb9d        94
  _RAM_INTWDTI_ISR
                                  000ffb0a         4   data ,g         2
  _RAM_INTLVI_ISR
                                  000ffb0e         4   data ,g         2
  _RAM_INTP0_ISR
                                  000ffb12         4   data ,g         2
  _RAM_INTP1_ISR
                                  000ffb16         4   data ,g         4
  _RAM_INTP2_ISR
                                  000ffb1a         4   data ,g         4
  _RAM_INTP3_ISR
                                  000ffb1e         4   data ,g         4
  _RAM_INTP4_ISR
                                  000ffb22         4   data ,g         4
  _RAM_INTP5_ISR
                                  000ffb26         4   data ,g         2
  _RAM_INTST2_ISR
                                  000ffb2a         4   data ,g         4
  _RAM_INTSR2_ISR
                                  000ffb2e         4   data ,g         4
  _RAM_INTSRE2_ISR
                                  000ffb32         4   data ,g         2
  _RAM_INTST0_ISR
                                  000ffb36         4   data ,g         4
  _RAM_INTSR0_ISR
                                  000ffb3a         4   data ,g         2
  _RAM_INTSRE0_ISR
                                  000ffb3e         4   data ,g         2
  _RAM_INTST1_ISR
                                  000ffb42         4   data ,g         4
  _RAM_INTSR1_ISR
                                  000ffb46         4   data ,g         4
  _RAM_INTSRE1_ISR
                                  000ffb4a         4   data ,g         2
  _RAM_INTIICA0_ISR
                                  000ffb4e         4   data ,g         2
  _RAM_INTTM00_ISR
                                  000ffb52         4   data ,g         4
  _RAM_INTTM01_ISR
                                  000ffb56         4   data ,g         4
  _RAM_INTTM02_ISR
                                  000ffb5a         4   data ,g         4
  _RAM_INTTM03_ISR
                                  000ffb5e         4   data ,g         4
  _RAM_INTAD_ISR
                                  000ffb62         4   data ,g         4
  _RAM_INTRTC_ISR
                                  000ffb66         4   data ,g         2
  _RAM_INTIT_ISR
                                  000ffb6a         4   data ,g         2
  _RAM_INTKR_ISR
                                  000ffb6e         4   data ,g         2
  _RAM_INTTM04_ISR
                                  000ffb72         4   data ,g         4
  _RAM_INTTM05_ISR
                                  000ffb76         4   data ,g         2
  _RAM_INTTM06_ISR
                                  000ffb7a         4   data ,g         2
  _RAM_INTTM07_ISR
                                  000ffb7e         4   data ,g         2
  _RAM_INTP6_ISR
                                  000ffb82         4   data ,g         0
  _RAM_INTP7_ISR
                                  000ffb86         4   data ,g         0
  _RAM_INTP8_ISR
                                  000ffb8a         4   data ,g         0
  _RAM_INTP9_ISR
                                  000ffb8e         4   data ,g         0
  _RAM_INTP10_ISR
                                  000ffb92         4   data ,g         0
  _RAM_INTP11_ISR
                                  000ffb96         4   data ,g         0
  _RAM_INTFL_ISR
                                  000ffb9a         4   data ,g         2

Absolute value symbols
FILE=DefaultBuild\N_GPS.obj
  @$IMM_12
                                  00000012         0   none ,l         1
FILE=rlink_generates_05
  __s.text
                                  00000295         0   none ,g         0
  __e.text
                                  000006cf         0   none ,g         0
  __s.textf
                                  000033fb         0   none ,g         0
  __e.textf
                                  0000d7fc         0   none ,g         0
  __s.const
                                  00002000         0   none ,g         0
  __e.const
                                  000033fb         0   none ,g         0
  __s.constf
                                  00000080         0   none ,g         0
  __e.constf
                                  00000080         0   none ,g         0
  __s.data
                                  000000d8         0   none ,g         0
  __e.data
                                  00000295         0   none ,g         0
  __s.sdata
                                  00000080         0   none ,g         0
  __e.sdata
                                  00000080         0   none ,g         0
  __s.bss
                                  000fef00         0   none ,g         0
  __e.bss
                                  000ff94b         0   none ,g         0
  __s.sbss
                                  000ffe20         0   none ,g         0
  __e.sbss
                                  000ffe20         0   none ,g         0
  __s.dataR
                                  000ff94c         0   none ,g         0
  __e.dataR
                                  000ffb09         0   none ,g         0
  __s.sdataR
                                  000ffe20         0   none ,g         0
  __e.sdataR
                                  000ffe20         0   none ,g         0
  __s.RLIB
                                  0000075e         0   none ,g         0
  __e.RLIB
                                  00000b0a         0   none ,g         0
  __s.SLIB
                                  00000b0a         0   none ,g         0
  __e.SLIB
                                  00000b17         0   none ,g         0
  __sRAM_VECT_n
                                  000ffb0a         0   none ,g         0
  __eRAM_VECT_n
                                  000ffb9e         0   none ,g         0
  __sPFDL_COD
                                  000006d0         0   none ,g         0
  __ePFDL_COD
                                  0000075e         0   none ,g         0
  __s.option_byte
                                  000000c0         0   none ,g         0
  __e.option_byte
                                  000000c4         0   none ,g         0
  __s.monitor1
                                  000000ce         0   none ,g         0
  __e.monitor1
                                  000000d8         0   none ,g         0
  __s.monitor2
                                  0000fe00         0   none ,g         0
  __e.monitor2
                                  00010000         0   none ,g         0
  __s.security_id
                                  000000c4         0   none ,g         0
  __e.security_id
                                  000000ce         0   none ,g         0
  __s.vect
                                  00000000         0   none ,g         0
  __e.vect
                                  00000080         0   none ,g         0
  __RAM_ADDR_START
                                  000fef00         0   none ,g         0
  __RAM_ADDR_END
                                  000ffee0         0   none ,g         0
  __STACK_ADDR_START
                                  000ffe20         0   none ,g         1
  __STACK_ADDR_END
                                  000ffb9e         0   none ,g         1

*** Unfilled Areas ***

AREA                                START    END

*** Delete Symbols ***

SYMBOL                                SIZE    INFO

*** Variable Vector Table List ***

ADDRESS  SYMBOL/ADDRESS
00       _start
02       ffff
04       _watchdog_intrpt@1
06       _lvi_intrpt@1
08       _intp0_intrpt@1
0a       _intp1_intrpt@1
0c       _intp2_intrpt@1
0e       _intp3_intrpt@1
10       _intp4_intrpt@1
12       _intp5_intrpt@1
14       _intst2_interrupt@1
16       _intsr2_interrupt@1
18       _intsre2_interrupt@1
1a       
1c       
1e       _intst0_interrupt@1
20       _intsr0_interrupt@1
22       _intsre0_interrupt@1
24       _intst1_interrupt@1
26       _intsr1_interrupt@1
28       _intsre1_interrupt@1
2a       _intsic_interrupt@1
2c       _inttm00_interrupt@1
2e       _inttm01_interrupt@1
30       _inttm02_interrupt@1
32       _inttm03_interrupt@1
34       _intad_interrupt@1
36       _intrtc_interrrupt@1
38       _intit_interrrupt@1
3a       _intkr_interrupt@1
3c       
3e       
40       
42       _inttm04_interrupt@1
44       _inttm05_interrupt@1
46       _inttm06_interrupt@1
48       _inttm07_interrupt@1
4a       
4c       
4e       
50       
52       
54       
56       
58       
5a       
5c       
5e       
60       
62       _intfl_interrupt@1
64       
66       
68       
6a       
6c       
6e       
70       
72       
74       
76       
78       
7a       
7c       
7e       
