Renesas Optimizing Linker (W3.08.00 )             15-May-2026 17:51:08

*** Options ***

-subcommand=DefaultBuild\TEST_128K_USER.clnk
-Input=DefaultBuild\cstart.obj
-Input=DefaultBuild\stkinit.obj
-Input=DefaultBuild\r_main.obj
-Input=DefaultBuild\r_systeminit.obj
-Input=DefaultBuild\r_cg_cgc.obj
-Input=DefaultBuild\r_cg_cgc_user.obj
-Input=DefaultBuild\r_cg_wdt.obj
-Input=DefaultBuild\r_cg_wdt_user.obj
-Input=DefaultBuild\r_cg_port.obj
-Input=DefaultBuild\r_cg_port_user.obj
-Input=DefaultBuild\r_cg_intc.obj
-Input=DefaultBuild\r_cg_intc_user.obj
-Input=DefaultBuild\r_cg_serial.obj
-Input=DefaultBuild\r_cg_serial_user.obj
-Input=DefaultBuild\r_cg_adc.obj
-Input=DefaultBuild\r_cg_adc_user.obj
-Input=DefaultBuild\r_cg_timer.obj
-Input=DefaultBuild\r_cg_timer_user.obj
-Input=DefaultBuild\r_cg_rtc.obj
-Input=DefaultBuild\r_cg_rtc_user.obj
-Input=DefaultBuild\u_interrupts.obj
-Input=DefaultBuild\u_ram_vector.obj
-Input=DefaultBuild\N_IIC.obj
-Input=DefaultBuild\N_EEPROM.obj
-Input=DefaultBuild\N_GPS.obj
-Input=DefaultBuild\N_GSM.obj
-Input=DefaultBuild\N_DELAY.obj
-Input=DefaultBuild\V_Control.obj
-Input=DefaultBuild\N_Serial.obj
-Input=DefaultBuild\GSM_INTZ_AND_SMS_HANDLING.obj
-Input=DefaultBuild\N_GSM_RESPONSE_HANDLE.obj
-Input=DefaultBuild\FIRMWARE_HANDLING.obj
-Input=DefaultBuild\N_IEEPROM.obj
-Input=DefaultBuild\r_cg_pfdl.obj
-LIBrary=User_Files\V1.05\lib\pfdl.lib
-LIBrary=User_Files\V1.05\librl78\pfdl.lib
-SECURITY_ID=00000000000000000000
-DEVICE=C:\Program Files (x86)\Renesas Electronics\CS+\CC\Device\RL78\Devicefile\DR5F100FE.DVF
-DEBug
-NOCOmpress
-NOOPtimize
-OUtput=DefaultBuild\TEST_128K_USER.abs
-LIBrary=C:\Program Files (x86)\Renesas Electronics\CS+\CC\CC-RL\V1.16.00\lib\rl78cm4s.lib
-LIBrary=C:\Program Files (x86)\Renesas Electronics\CS+\CC\CC-RL\V1.16.00\lib\malloc_n.lib
-LIBrary=C:\Program Files (x86)\Renesas Electronics\CS+\CC\CC-RL\V1.16.00\lib\rl78cm4r.lib
-OCDBG=84
-DEBUG_MONITOR=FE00-FFFF
-USER_OPT_BYTE=7EFFE8
-LISt=DefaultBuild\TEST_128K_USER.map
-SHow=Total_size,VECTOR,STRUCT
-AUTO_SECTION_LAYOUT
-ROm=.data=.dataR
-ROm=.sdata=.sdataR
-NOMessage
-STACk
-Total_size
-NOLOgo
-end

*** Error information ***

W0561320:Duplicate symbol "PFDL_Open" in "User_Files\V1.05\lib\pfdl.lib(pfdl)"
W0561320:Duplicate symbol "PFDL_Open" in "User_Files\V1.05\librl78\pfdl.lib(pfdl)"
W0561320:Duplicate symbol "_PFDL_Open" in "User_Files\V1.05\lib\pfdl.lib(pfdl)"
W0561320:Duplicate symbol "_PFDL_Open" in "User_Files\V1.05\librl78\pfdl.lib(pfdl)"
W0561320:Duplicate symbol "PFDL_Execute" in "User_Files\V1.05\lib\pfdl.lib(pfdl)"
W0561320:Duplicate symbol "PFDL_Execute" in "User_Files\V1.05\librl78\pfdl.lib(pfdl)"
W0561320:Duplicate symbol "_PFDL_Execute" in "User_Files\V1.05\lib\pfdl.lib(pfdl)"
W0561320:Duplicate symbol "_PFDL_Execute" in "User_Files\V1.05\librl78\pfdl.lib(pfdl)"
W0561320:Duplicate symbol "PFDL_Handler" in "User_Files\V1.05\lib\pfdl.lib(pfdl)"
W0561320:Duplicate symbol "PFDL_Handler" in "User_Files\V1.05\librl78\pfdl.lib(pfdl)"
W0561320:Duplicate symbol "_PFDL_Handler" in "User_Files\V1.05\lib\pfdl.lib(pfdl)"
W0561320:Duplicate symbol "_PFDL_Handler" in "User_Files\V1.05\librl78\pfdl.lib(pfdl)"
W0561320:Duplicate symbol "PFDL_Close" in "User_Files\V1.05\lib\pfdl.lib(pfdl)"
W0561320:Duplicate symbol "PFDL_Close" in "User_Files\V1.05\librl78\pfdl.lib(pfdl)"
W0561320:Duplicate symbol "_PFDL_Close" in "User_Files\V1.05\lib\pfdl.lib(pfdl)"
W0561320:Duplicate symbol "_PFDL_Close" in "User_Files\V1.05\librl78\pfdl.lib(pfdl)"
W0561320:Duplicate symbol "PFDL_GetVersionString" in "User_Files\V1.05\lib\pfdl.lib(pfdl_version)"
W0561320:Duplicate symbol "PFDL_GetVersionString" in "User_Files\V1.05\librl78\pfdl.lib(pfdl_version)"
W0561320:Duplicate symbol "_PFDL_GetVersionString" in "User_Files\V1.05\lib\pfdl.lib(pfdl_version)"
W0561320:Duplicate symbol "_PFDL_GetVersionString" in "User_Files\V1.05\librl78\pfdl.lib(pfdl_version)"
W0561320:Duplicate symbol "_PFDL_VERSION_STRING" in "User_Files\V1.05\lib\pfdl.lib(pfdl_version)"
W0561320:Duplicate symbol "_PFDL_VERSION_STRING" in "User_Files\V1.05\librl78\pfdl.lib(pfdl_version)"

*** Mapping List ***

SECTION                            START      END         SIZE   ALIGN
.vect
                                  00000000  0000007f        80   0
.constf
                                  00000080  00000080         0   2
.sdata
                                  00000080  00000080         0   2
.option_byte
                                  000000c0  000000c3         4   1
.security_id
                                  000000c4  000000cd         a   1
.SLIB
                                  000000c4  000000c4         0   1
.monitor1
                                  000000ce  000000d7         a   1
.data
                                  000000d8  00000239       162   2
.text
                                  0000023a  00000673       43a   1
PFDL_COD
                                  00000674  00000701        8e   2
.RLIB
                                  00000702  00000add       3dc   1
.const
                                  00002000  0000394c      194d   2
.textf
                                  0000394d  0000ddf6      a4aa   1
.monitor2
                                  0000fe00  0000ffff       200   1
.bss
                                  000fef00  000ff91a       a1b   2
.dataR
                                  000ff91c  000ffa7d       162   2
RAM_VECT_n
                                  000ffa7e  000ffb11        94   2
.sbss
                                  000ffe20  000ffe20         0   2
.sdataR
                                  000ffe20  000ffe20         0   2

*** Total Section Size ***

RAMDATA SECTION:  00000c11 Byte(s)
ROMDATA SECTION:  00001d47 Byte(s)
PROGRAM SECTION:  0000ad4e Byte(s)

*** Symbol List ***

SECTION=
FILE=                               START        END    SIZE
  SYMBOL                            ADDR        SIZE    INFO      COUNTS  OPT
    STRUCT                                      SIZE
      MEMBER                        ADDR        SIZE    INFO

SECTION=.vect
FILE=rlink_generates_04
                                  00000000  0000007f        80

SECTION=.option_byte
FILE=rlink_generates_01
                                  000000c0  000000c3         4

SECTION=.security_id
FILE=rlink_generates_03
                                  000000c4  000000cd         a

SECTION=.monitor1
FILE=rlink_generates_02
                                  000000ce  000000d7         a

SECTION=.data
FILE=DefaultBuild\r_main.obj
                                  000000d8  000000d8         1
FILE=DefaultBuild\N_GPS.obj
                                  000000da  00000138        5f
FILE=DefaultBuild\N_GSM.obj
                                  0000013a  00000239       100

SECTION=.text
FILE=DefaultBuild\cstart.obj
                                  0000023a  00000293        5a
  _start
                                  0000023a         0   none ,g         0
  _exit
                                  00000292         0   none ,g         1
FILE=DefaultBuild\u_interrupts.obj
                                  00000294  00000673       3e0
  _watchdog_intrpt@1
                                  00000294        20   func ,l         0
  _lvi_intrpt@1
                                  000002b4        20   func ,l         0
  _intp0_intrpt@1
                                  000002d4        20   func ,l         0
  _intp1_intrpt@1
                                  000002f4        20   func ,l         0
  _intp2_intrpt@1
                                  00000314        20   func ,l         0
  _intp3_intrpt@1
                                  00000334        20   func ,l         0
  _intp4_intrpt@1
                                  00000354        20   func ,l         0
  _intp5_intrpt@1
                                  00000374        20   func ,l         0
  _intst2_interrupt@1
                                  00000394        20   func ,l         0
  _intsr2_interrupt@1
                                  000003b4        20   func ,l         0
  _intsre2_interrupt@1
                                  000003d4        20   func ,l         0
  _intst0_interrupt@1
                                  000003f4        20   func ,l         0
  _intsr0_interrupt@1
                                  00000414        20   func ,l         0
  _intsre0_interrupt@1
                                  00000434        20   func ,l         0
  _intst1_interrupt@1
                                  00000454        20   func ,l         0
  _intsr1_interrupt@1
                                  00000474        20   func ,l         0
  _intsre1_interrupt@1
                                  00000494        20   func ,l         0
  _intsic_interrupt@1
                                  000004b4        20   func ,l         0
  _inttm00_interrupt@1
                                  000004d4        20   func ,l         0
  _inttm01_interrupt@1
                                  000004f4        20   func ,l         0
  _inttm02_interrupt@1
                                  00000514        20   func ,l         0
  _inttm03_interrupt@1
                                  00000534        20   func ,l         0
  _intad_interrupt@1
                                  00000554        20   func ,l         0
  _intrtc_interrrupt@1
                                  00000574        20   func ,l         0
  _intit_interrrupt@1
                                  00000594        20   func ,l         0
  _intkr_interrupt@1
                                  000005b4        20   func ,l         0
  _inttm04_interrupt@1
                                  000005d4        20   func ,l         0
  _inttm05_interrupt@1
                                  000005f4        20   func ,l         0
  _inttm06_interrupt@1
                                  00000614        20   func ,l         0
  _inttm07_interrupt@1
                                  00000634        20   func ,l         0
  _intfl_interrupt@1
                                  00000654        20   func ,l         0

SECTION=PFDL_COD
FILE=pfdl
                                  00000674  00000701        8e
  _PFDL_Open
                                  00000674         0   none ,g         2
  PFDL_Open
                                  00000674         0   none ,g         0
  _PFDL_Execute
                                  0000068f         0   none ,g         9
  PFDL_Execute
                                  0000068f         0   none ,g         0
  PFDL_Execute_firmware
                                  000006c5         0   none ,l         1
  PFDL_Execute_erase
                                  000006cf         0   none ,l         1
  PFDL_Execute_read
                                  000006e0         0   none ,l         1
  PFDL_Execute_read_next
                                  000006e4         0   none ,l         1
  PFDL_Execute_exit
                                  000006ef         0   none ,l         1
  _PFDL_Handler
                                  000006f0         0   none ,g         b
  PFDL_Handler
                                  000006f0         0   none ,g         0
  _PFDL_Close
                                  000006f6         0   none ,g         1
  PFDL_Close
                                  000006f6         0   none ,g         0

SECTION=.RLIB
FILE=_COM_fdiv
                                  00000702  0000088e       18d
  __COM_fdiv
                                  00000761         0   none ,g         1
FILE=_COM_ftoul
                                  0000088f  0000089a         c
  __COM_ftoul
                                  0000088f         0   none ,g         1
FILE=_COM_imul
                                  0000089b  000008a9         f
  __COM_imul
                                  0000089b         0   none ,g         1
FILE=_COM_sidiv
                                  000008aa  000008cb        22
  __COM_sidiv
                                  000008ac         0   none ,g         2
FILE=_COM_sirem
                                  000008cc  000008eb        20
  __COM_sirem
                                  000008cc         0   none ,g         1
FILE=_COM_ucdiv
                                  000008ec  00000918        2d
  __COM_ucdiv
                                  000008ef         0   none ,g         2
FILE=_COM_ucrem
                                  00000919  00000943        2b
  __COM_ucrem
                                  00000919         0   none ,g         2
FILE=_COM_uidiv
                                  00000944  0000096d        2a
  __COM_uidiv
                                  00000946         0   none ,g        53
FILE=_COM_uirem
                                  0000096e  00000996        29
  __COM_uirem
                                  0000096e         0   none ,g        56
FILE=_COM_uldiv
                                  00000997  000009d2        3c
  __COM_uldiv
                                  0000099c         0   none ,g        1c
FILE=_COM_ulrem
                                  000009d3  00000a0c        3a
  __COM_ulrem
                                  000009d5         0   none ,g        1d
FILE=_COM_ultof
                                  00000a0d  00000a12         6
  __COM_ultof
                                  00000a0d         0   none ,g         1
FILE=_REL_ftol
                                  00000a13  00000a47        35
  __REL_ftol
                                  00000a13         0   none ,g         1
FILE=_REL_f_inf
                                  00000a48  00000a4f         8
  __REL_f_inf
                                  00000a48         0   none ,g         2
FILE=_REL_f_norm
                                  00000a50  00000a5f        10
  __REL_f_norm
                                  00000a50         0   none ,g         2
FILE=_REL_f_round
                                  00000a60  00000a72        13
  __REL_f_round
                                  00000a60         0   none ,g         1
FILE=_REL_ltof
                                  00000a73  00000abc        4a
  __REL_ltof
                                  00000a73         0   none ,g         1
FILE=_COM_lshr
                                  00000abd  00000add        21
  __COM_lshr
                                  00000ac7         0   none ,g         1

SECTION=.const
FILE=DefaultBuild\r_main.obj
                                  00002000  0000206b        6c
FILE=DefaultBuild\N_GPS.obj
                                  0000206c  000020b8        4d
FILE=DefaultBuild\N_GSM.obj
                                  000020ba  00002fdb       f22
  _OK_ACK
                                  000020ba         2   data ,g         1
  _ERROR_ACK
                                  000020bc         5   data ,g         1
  _VODAFONE_ACK
                                  000020c1         f   data ,g         1
  _VODAFONE_ACK_V
                                  000020d0         f   data ,g         1
  _GET_IN_SMS
                                  000020df         4   data ,g         0
  _CONNECT_ACK
                                  000020e3         7   data ,g         1
  _CONNECT_FAIL_ACK
                                  000020ea         c   data ,g         1
  _ALREADY_CONNECT_ACK
                                  000020f6         f   data ,g         1
  _SIGNAL_STRENGTH_ACK
                                  00002105         5   data ,g         1
  _NW_DIS_CONNECT
                                  0000210a         9   data ,g         1
  _PANIC_MOBILE_NUMBER_ACK
                                  00002113        12   data ,g         1
  _HTTP_RESPONSE_FAIL
                                  00002125         4   data ,g         1
  _V_RESTART
                                  00002129         3   data ,g         0
  _VN_ACK
                                  0000212c         3   data ,g         0
  _FIRM_UPDATE_CTRL
                                  0000212f         3   data ,g         1
  _SETTINGS_UPDATE_CTRL
                                  00002132         3   data ,g         0
  _NETMODE_UPDATE_CTRL
                                  00002135         3   data ,g         0
  _PANIC_CTRL
                                  00002138         4   data ,g         1
  _IGNITION_CTRL
                                  0000213c         4   data ,g         1
  _IMEI_ACK
                                  00002140         9   data ,g         1
  _GSM_NW_REG
                                  00002149         8   data ,g         1
  _GPRS_NW_REG
                                  00002151         9   data ,g         1
  _CPIN_READY
                                  0000215a         b   data ,g         1
  _HTTP_DOWNLOAD
                                  00002165         8   data ,g         1
  _FTP_ADDRESS_ACK
                                  0000216d         8   data ,g         1
  _FILE_DOWNLOAD_ACK
                                  00002175         8   data ,g         1
  _SET_TCP_FRAME
                                  0000217d         8   data ,g         1
  _SETTING_CMD_FRAME
                                  00002185         d   data ,g         1
  _ENGINEER_MODE_FRAME_1
                                  00002192         9   data ,g         1
  _ENGINEER_MODE_FRAME_2
                                  0000219b         a   data ,g         1
  _NEW_SMS_FRAME
                                  000021a5         b   data ,g         1
  _PHONE_NUMBER_OF_SENDER_FRAME
                                  000021b0        17   data ,g         1
  _GET_IMEI_SMS_CMD
                                  000021c7         d   data ,g         1
  _DEVICE_RESET_CMD_FRAME
                                  000021d4         e   data ,g         1
  _SET_APN_FRAME
                                  000021e2         8   data ,g         0
  _APN_S_FRAME
                                  000021ea         6   data ,g         0
  _GET_SMS_FRAME
                                  000021f0         c   data ,g         1
  _GET_VERSION_CMD
                                  000021fc         c   data ,g         0
  _GET_ACT_MESSAGE
                                  00002208         5   data ,g         1
  _GET_HEALTH_MESSAGE_FRAME
                                  0000220d         5   data ,g         1
  _NWA_CMD_FRAME
                                  00002212         a   data ,g         1
  _NWI_CMD_FRAME
                                  0000221c         a   data ,g         1
  _NWS_CMD_FRAME
                                  00002226         a   data ,g         1
  _QST_CMD_FRAME
                                  00002230         8   data ,g         1
  _DEVICE_RESTART_ACK
                                  00002238         c   data ,g         1
  _GET_GPS_CLEAR_S_FRAME
                                  00002244         9   data ,g         1
  _NW_NAME_ACK
                                  0000224d         5   data ,g         1
FILE=DefaultBuild\V_Control.obj
                                  00002fdc  00003113       138
FILE=DefaultBuild\GSM_INTZ_AND_SMS_HANDLING.obj
                                  00003114  0000379f       68c
FILE=DefaultBuild\N_GSM_RESPONSE_HANDLE.obj
                                  000037a0  00003911       172
  _QCCID_ACK
                                  000037a0         8   data ,g         1
  _GET_GETVINFO_FRAME
                                  000037a8         9   data ,g         1
  _GET_PANIC_FRAME
                                  000037b1         9   data ,g         1
  _GET_LOCATION_FRAME
                                  000037ba         c   data ,g         1
  _GET_SERVERDETAILS_FRAME
                                  000037c6        11   data ,g         1
  _GET_VSTATUS_FRAME
                                  000037d7         b   data ,g         1
  _GET_SOSTIMEOUT_FRAME
                                  000037e2         e   data ,g         1
  _GET_PROFILE_FRAME
                                  000037f0         b   data ,g         1
  _SET_FOTA_FRAME
                                  000037fb         9   data ,g         1
  _SET_SOSSET_FRAME
                                  00003804         b   data ,g         1
  _SET_BTS_FRAME
                                  0000380f         8   data ,g         1
  _SET_SOSTIMEOUT_FRAME
                                  00003817         f   data ,g         1
  _SET_SOSCLR_FRAME
                                  00003826         a   data ,g         1
  _SET_DEFAULT_FRAME
                                  00003830         b   data ,g         1
  _SET_VRESET_FRAME
                                  0000383b         a   data ,g         1
  _SET_INTERVAL_FRAME
                                  00003845         d   data ,g         1
  _SET_VEHREG_FRAME
                                  00003852         b   data ,g         1
  _SET_PROFILE_FRAME
                                  0000385d         c   data ,g         1
  _SET_SERVER1_FRAME
                                  00003869         c   data ,g         1
  _SET_SERVER2_FRAME
                                  00003875         c   data ,g         1
  _SET_HEALTH_FRAME
                                  00003881         f   data ,g         1
  _GET_VERSION_FRAME
                                  00003890         c   data ,g         1
  _GET_VLT_IMEI_PH_FRAME
                                  0000389c        13   data ,g         1
  _SET_HACL_FRAME
                                  000038af        14   data ,g         1
  _SET_HBRK_FRAME
                                  000038c3        14   data ,g         1
  _SET_HTRN_FRAME
                                  000038d7        14   data ,g         1
  _SET_LBAT_FRAME
                                  000038eb        14   data ,g         1
  _SET_APN_FRAME2
                                  000038ff        13   data ,g         1
FILE=DefaultBuild\FIRMWARE_HANDLING.obj
                                  00003912  0000394c        3b

SECTION=.textf
FILE=DefaultBuild\stkinit.obj
                                  0000394d  00003990        44
  _stkinit
                                  0000394d         0   none ,g         1
  LSTINIT1
                                  0000395b         0   none ,l         1
  LSTINIT2
                                  00003985         0   none ,l         2
  LSTINIT3
                                  00003990         0   none ,l         2
FILE=DefaultBuild\r_main.obj
                                  00003991  00003cb1       321
  _convert
                                  00003991        c1   func ,g         0
  _main
                                  00003a52        30   func ,g         1
  _R_MAIN_UserInit
                                  00003a82       1fb   func ,g         1
  _READ_DEVICE_ID
                                  00003c7d        35   func ,g         1
FILE=DefaultBuild\r_systeminit.obj
                                  00003cb2  00003d7d        cc
  _R_Systeminit
                                  00003cb2        2f   func ,g         1
  _hdwinit
                                  00003ce1        9d   func ,g         1
FILE=DefaultBuild\r_cg_cgc.obj
                                  00003d7e  00003dbc        3f
  _R_CGC_Create
                                  00003d7e        3f   func ,g         1
FILE=DefaultBuild\r_cg_cgc_user.obj
                                  00003dbd  00003dbf         3
  _R_CGC_Get_ResetSource
                                  00003dbd         3   func ,g         1
FILE=DefaultBuild\r_cg_wdt.obj
                                  00003dc0  00003dca         b
  _R_WDT_Create
                                  00003dc0         7   func ,g         1
  _R_WDT_Restart
                                  00003dc7         4   func ,g         2
FILE=DefaultBuild\r_cg_wdt_user.obj
                                  00003dcb  00003dda        10
  _WATCHDOG_ON
                                  00003dcb         8   func ,g        11
  _WATCHDOG_OFF
                                  00003dd3         8   func ,g         f
FILE=DefaultBuild\r_cg_port.obj
                                  00003ddb  00003e0b        31
  _R_PORT_Create
                                  00003ddb        31   func ,g         1
FILE=DefaultBuild\r_cg_intc.obj
                                  00003e0c  00003e9d        92
  _R_INTC_Create
                                  00003e0c        5a   func ,g         1
  _R_INTC1_Start
                                  00003e66         7   func ,g         2
  _R_INTC1_Stop
                                  00003e6d         7   func ,g         0
  _R_INTC2_Start
                                  00003e74         7   func ,g         0
  _R_INTC2_Stop
                                  00003e7b         7   func ,g         0
  _R_INTC3_Start
                                  00003e82         7   func ,g         2
  _R_INTC3_Stop
                                  00003e89         7   func ,g         0
  _R_INTC4_Start
                                  00003e90         7   func ,g         1
  _R_INTC4_Stop
                                  00003e97         7   func ,g         0
FILE=DefaultBuild\r_cg_intc_user.obj
                                  00003e9e  00003f0b        6e
  _r_intc1_interrupt
                                  00003e9e        62   func ,g         2
  _r_intc3_interrupt
                                  00003f00         4   func ,g         2
  _r_intc4_interrupt
                                  00003f04         4   func ,g         2
  _r_intc2_interrupt
                                  00003f08         4   func ,g         2
FILE=DefaultBuild\r_cg_serial.obj
                                  00003f0c  000041e7       2dc
  _R_SAU0_Create
                                  00003f0c        14   func ,g         1
  _R_UART1_Create
                                  00003f20        74   func ,g         1
  _R_UART1_Start
                                  00003f94        26   func ,g         5
  _R_UART1_Stop
                                  00003fba        1e   func ,g         5
  _R_UART1_Receive
                                  00003fd8        18   func ,g         0
  _R_UART1_Send
                                  00003ff0        26   func ,g         0
  _R_CSI00_Create
                                  00004016        5a   func ,g         1
  _R_CSI00_Start
                                  00004070        26   func ,g         1
  _R_CSI00_Stop
                                  00004096        18   func ,g         0
  _R_CSI00_Send_Receive
                                  000040ae        34   func ,g         4
  _R_SAU1_Create
                                  000040e2         e   func ,g         1
  _R_UART2_Create
                                  000040f0        76   func ,g         1
  _R_UART2_Start
                                  00004166        26   func ,g         1
  _R_UART2_Stop
                                  0000418c        1e   func ,g         0
  _R_UART2_Receive
                                  000041aa        18   func ,g         0
  _R_UART2_Send
                                  000041c2        26   func ,g         0
FILE=DefaultBuild\r_cg_serial_user.obj
                                  000041e8  00004315       12e
  _r_uart1_interrupt_receive
                                  000041e8        64   func ,g         2
  _r_uart1_interrupt_send
                                  0000424c        15   func ,g         2
  _r_uart2_interrupt_receive
                                  00004261        3e   func ,g         2
  _r_uart2_interrupt_send
                                  0000429f        15   func ,g         2
  _r_csi00_interrupt
                                  000042b4        62   func ,g         2
FILE=DefaultBuild\r_cg_adc.obj
                                  00004316  00004374        5f
  _R_ADC_Create
                                  00004316        3c   func ,g         2
  _R_ADC_Start
                                  00004352         a   func ,g         2
  _R_ADC_Stop
                                  0000435c         a   func ,g         0
  _R_ADC_Set_OperationOn
                                  00004366         4   func ,g         1
  _R_ADC_Set_OperationOff
                                  0000436a         4   func ,g         0
  _R_ADC_Get_Result
                                  0000436e         7   func ,g         0
FILE=DefaultBuild\r_cg_adc_user.obj
                                  00004375  0000437c         8
  _r_adc_interrupt
                                  00004375         8   func ,g         2
FILE=DefaultBuild\r_cg_timer.obj
                                  0000437d  0000453e       1c2
  _R_TAU0_Create
                                  0000437d       122   func ,g         1
  _R_TAU0_Channel0_Start
                                  0000449f        10   func ,g         7
  _R_TAU0_Channel0_Stop
                                  000044af        10   func ,g         4
  _R_TAU0_Channel1_Start
                                  000044bf        10   func ,g         1
  _R_TAU0_Channel1_Stop
                                  000044cf        10   func ,g         1
  _R_TAU0_Channel2_Start
                                  000044df        10   func ,g         1
  _R_TAU0_Channel2_Stop
                                  000044ef        10   func ,g         0
  _R_TAU0_Channel3_Start
                                  000044ff        10   func ,g         1
  _R_TAU0_Channel3_Stop
                                  0000450f        10   func ,g         1
  _R_TAU0_Channel4_Start
                                  0000451f        10   func ,g         1
  _R_TAU0_Channel4_Stop
                                  0000452f        10   func ,g         0
FILE=DefaultBuild\r_cg_timer_user.obj
                                  0000453f  000046db       19d
  _r_tau0_channel0_interrupt
                                  0000453f         4   func ,g         2
  _r_tau0_channel1_interrupt
                                  00004543         4   func ,g         2
  _r_tau0_channel2_interrupt
                                  00004547       15e   func ,g         2
  _r_tau0_channel3_interrupt
                                  000046a5         4   func ,g         2
  _r_tau0_channel4_interrupt
                                  000046a9        33   func ,g         2
FILE=DefaultBuild\r_cg_rtc.obj
                                  000046dc  000047d6        fb
  _R_RTC_Create
                                  000046dc        26   func ,g         1
  _R_RTC_Start
                                  00004702         4   func ,g         1
  _R_RTC_Stop
                                  00004706         4   func ,g         0
  _R_RTC_Get_CounterValue
                                  0000470a        4a   func ,g         0
  _R_RTC_Set_CounterValue
                                  00004754        83   func ,g         0
FILE=DefaultBuild\N_IIC.obj
                                  000047d7  000048df       109
  _i2c_delay
                                  000047d7         6   func ,g        17
  _i2c_start
                                  000047dd        1d   func ,g         7
  _i2c_stop
                                  000047fa        19   func ,g         5
  _i2c_wbyte
                                  00004813        48   func ,g        12
  _i2c_rbyte
                                  0000485b        3c   func ,g         2
  _i2c_ack
                                  00004897        34   func ,g        12
  _i2c_nack
                                  000048cb        15   func ,g         2
FILE=DefaultBuild\N_EEPROM.obj
                                  000048e0  00004a3d       15e
  _i2c_writen
                                  000048e0        37   func ,g        47
  _i2c_readn
                                  00004917        47   func ,g        3e
  _i2c_PAGE_WRITE
                                  0000495e        6e   func ,g         0
  _i2c_writen_2
                                  000049cc        37   func ,g         5
  _i2c_readn_3
                                  00004a03        3b   func ,g         7
FILE=DefaultBuild\N_GPS.obj
                                  00004a3e  0000502e       5f1
  _GPS_NAVIGATION_MODE
                                  00004a3e        62   func ,g         0
  _GPS_STATIONARY_MODE
                                  00004aa0        3c   func ,g         0
  _BAUD_RATE_AND_INITIAL_SETTINGS
                                  00004adc         1   func ,g         0
  _GPS_NORMAL_MODE
                                  00004add        63   func ,g         0
  _GET_GPS_DATA
                                  00004b40        90   func ,g         2
  _GPS_UART_RX_1
                                  00004bd0       19b   func ,g         1
  _GPS_UART_RX_2
                                  00004d6b       10f   func ,g         1
  _GPS_UART_RX_3
                                  00004e7a        87   func ,g         1
  _GPS_UART_RX_4
                                  00004f01        1c   func ,g         1
  _GPS_UART_RX_5
                                  00004f1d        9a   func ,g         1
  _RTC_SET
                                  00004fb7        77   func ,g         1
  _GPS_SLEEP_MODE
                                  0000502e         1   func ,g         0
FILE=DefaultBuild\N_GSM.obj
                                  0000502f  00009604      45d6
  _GPRS_DISCONNECT
                                  0000502f        2c   func ,g         3
  _UPDATE_SETTING
                                  0000505b        1e   func ,g         0
  _GET_SIGNAL_STRENGTH
                                  00005079        30   func ,g         4
  _GET_NETWORK_NAME
                                  000050a9        2c   func ,g         2
  _DEVICE_REPLY_IN_SMS
                                  000050d5      1b19   func ,g        20
  _BATTERY_PERCENTAGE_CALCULATE
                                  00006bee        8a   func ,g         0
  _GET_TIME
                                  00006c78        1f   func ,g         3
  _PRINT_ZEROS
                                  00006c97        1f   func ,g         4
  _PRINT_ZEROS_2
                                  00006cb6        1f   func ,g         a
  _GET_DEGREES
                                  00006cd5        31   func ,g         3
  _GET_SPEED_DATA
                                  00006d06        88   func ,g         5
  _GET_IMEI
                                  00006d8e        7d   func ,g         5
  _GET_MCC_MNC_LAC_CELL_ID
                                  00006e0b       37d   func ,g         2
  _WELCOME_STRING
                                  00007188       1e3   func ,g         1
  _BOOT_STRING
                                  0000736b        22   func ,g         0
  _STORE_LAST_LOCATION
                                  0000738d        ad   func ,g         0
  _READ_LAST_LOCATION
                                  0000743a       109   func ,g         1
  _DATA_PRINT
                                  00007543       a3c   func ,g         1
  _UPDATE_ONLINE_DATA_FRAME
                                  00007f7f       51f   func ,g         a
  _HEALTH_STRING
                                  0000849e       41c   func ,g         0
  _HEL_STRING
                                  000088ba       224   func ,g         1
  _DATA_TO_ARRAY
                                  00008ade       7c0   func ,g         1
  _SEND_WREN_COMMAND
                                  0000929e        1d   func ,g         2
  _WRITE_STATUS_REGISTER
                                  000092bb        20   func ,g         0
  _READ_STATUS_REGISTER
                                  000092db        20   func ,g         0
  _CHIP_ERASE
                                  000092fb        26   func ,g         1
  _WAIT_UNTILL_FLASH_BUSY
                                  00009321        2b   func ,g         1
  _SEND_COMMA_TO_ARRAY
                                  0000934c         9   func ,g        15
  _FLASH_WRITE
                                  00009355        c0   func ,g         1
  _READ_FLASH_MEM
                                  00009415       1f0   func ,g         0
FILE=DefaultBuild\N_DELAY.obj
                                  00009605  0000962e        2a
  _MS_TIMER
                                  00009605        15   func ,g       1a0
  _US_TIMER
                                  0000961a        15   func ,g         0
FILE=DefaultBuild\V_Control.obj
                                  0000962f  00009b4e       520
  _SYSTEM_STATUS
                                  0000962f        8e   func ,g         0
  _VLT_RUNNING_MODE
                                  000096bd       149   func ,g         1
  _SYSTEM_ALERT_CHECK
                                  00009806       17a   func ,g         1
  _BATTERY_PERCENTAGE_CALC
                                  00009980        a8   func ,g         1
  _ACC_GRY_INTZ
                                  00009a28        55   func ,g         0
  _ACC_GYRO_READ
                                  00009a7d        d2   func ,g         0
FILE=DefaultBuild\N_Serial.obj
                                  00009b4f  00009c8e       140
  _R_UART2_SEND_User
                                  00009b4f        7b   func ,g       114
  _R_UART2_SEND
                                  00009bca        13   func ,g       1e2
  _R_UART1_Send_1_User
                                  00009bdd        11   func ,g         1
  _R_UART1_SEND
                                  00009bee        13   func ,g         4
  _R_CSI00_SEND
                                  00009c01         e   func ,g        10
  _SEND_TO_ARRAY
                                  00009c0f        13   func ,g        1a
  _SEND_TO_ARRAY_Value
                                  00009c22        6d   func ,g        29
FILE=DefaultBuild\GSM_INTZ_AND_SMS_HANDLING.obj
                                  00009c8f  0000b036      13a8
  _QSTK
                                  00009c8f        1d   func ,g         3
  _MANUAL_NET
                                  00009cac        b7   func ,g         0
  _NEW_SMS_READ
                                  00009d63       8e1   func ,g         1
  _InitM95
                                  0000a644        37   func ,g         0
  _SwitchNetwork
                                  0000a67b        b9   func ,g         1
  _GSM_INTZ
                                  0000a734       5b5   func ,g         7
  _GSM_SMS_DIAG
                                  0000ace9       34e   func ,g         1
FILE=DefaultBuild\N_GSM_RESPONSE_HANDLE.obj
                                  0000b037  0000d9cf      2999
  _ACK_RX
                                  0000b037       2b9   func ,g        3e
  _CMD_DATA_READ_IN_EEPROM
                                  0000b2f0       5bb   func ,g         1
  _PIN_CHECK
                                  0000b8ab        d8   func ,g         4
  _CMD_DATA_WRITE_IN_EEROM
                                  0000b983       576   func ,g        1e
  _GSM_UART_RX
                                  0000bef9      1ad7   func ,g         1
FILE=DefaultBuild\FIRMWARE_HANDLING.obj
                                  0000d9d0  0000dbb8       1e9
  _ADDRESS_INC
                                  0000d9d0        1b   func ,g         0
  _EEPROM_FILE_WRITE
                                  0000d9eb        93   func ,g         1
  _FILE_CLOSE
                                  0000da7e        59   func ,g         2
  _FIRMWARE_DOWNLOAD_FROM_M95
                                  0000dad7        e2   func ,g         1
FILE=DefaultBuild\N_IEEPROM.obj
                                  0000dbb9  0000dcef       137
  _fdl_clcok_init
                                  0000dbb9        38   func ,g         0
  _blank_check
                                  0000dbf1        44   func ,g         0
  _block_erase
                                  0000dc35        2c   func ,g         0
  _fdl_write
                                  0000dc61        43   func ,g         0
  _fdl_read
                                  0000dca4        46   func ,g         0
  _delay
                                  0000dcea         6   func ,g         1
FILE=DefaultBuild\r_cg_pfdl.obj
                                  0000dcf0  0000ddf6       107
  _R_FDL_Create
                                  0000dcf0         8   func ,g         0
  _R_FDL_Write
                                  0000dcf8        35   func ,g         0
  _R_FDL_Read
                                  0000dd2d        23   func ,g         0
  _R_FDL_Erase
                                  0000dd50        2b   func ,g         0
  _R_FDL_Open
                                  0000dd7b        12   func ,g         0
  _R_FDL_Close
                                  0000dd8d         8   func ,g         0
  _R_FDL_BlankCheck
                                  0000dd95        31   func ,g         0
  _R_FDL_IVerify
                                  0000ddc6        31   func ,g         0

SECTION=.monitor2
FILE=rlink_generates_02
                                  0000fe00  0000ffff       200

SECTION=.bss
FILE=DefaultBuild\r_main.obj
                                  000fef00  000fef2b        2c
  _UPDATE_TIME
                                  000fef00         2   data ,g         0
  _WATCH_DOG_KILL
                                  000fef02         2   data ,g         7
  _t_count
                                  000fef04         2   data ,g        2f
  _MINUTE
                                  000fef06         2   data ,g         5
  _BOOT_FLAG
                                  000fef08         1   data ,g         1
  _RTC_DONE
                                  000fef09         1   data ,g         1
  _ONCE_RESTART
                                  000fef0a         1   data ,g         0
  _EEPROM_WORKING
                                  000fef0b         1   data ,g         0
  _IGNITION_CONTROL_STATE
                                  000fef0c         1   data ,g         1
  _LOW_BATTER_ALERT_SEND
                                  000fef0d         1   data ,g         0
  _SYSTEM_READY
                                  000fef0e         1   data ,g         7
  _FIRMWARE_UPDATE
                                  000fef0f         1   data ,g         5
  _GPS_RMC_DATA_RX
                                  000fef10         1   data ,g         3
  _GPS_GGA_DATA_RX
                                  000fef11         1   data ,g         3
  _GPS_VTG_DATA_RX
                                  000fef12         1   data ,g         4
  _POWER_SOURCE
                                  000fef13         1   data ,g         2
  _WELCOME_STRING_FRAME
                                  000fef14         1   data ,g         2
  _PANIC_ALERT_PACKET
                                  000fef15         1   data ,g         6
  _IGNITION_ON_PACKET
                                  000fef16         1   data ,g         c
  _IGNITION_OFF_PACKET
                                  000fef17         1   data ,g         9
  _POWER_SOURCE_PACKET
                                  000fef18         1   data ,g         6
  _LOW_BATTERY_ALERT_PACKET
                                  000fef19         1   data ,g         5
  _IGNITION
                                  000fef1a         1   data ,g         a
  _a
                                  000fef1c         2   data ,g         3
  _b
                                  000fef1e         2   data ,g         3
  _c
                                  000fef20         2   data ,g         2
  _d
                                  000fef22         2   data ,g         2
  _z
                                  000fef24         2   data ,g         1
  _l
                                  000fef26         2   data ,g         1
  _a0
                                  000fef28         2   data ,g         1
  _p
                                  000fef2a         2   data ,g         0
FILE=DefaultBuild\r_cg_intc_user.obj
                                  000fef2c  000fef2f         4
  _INT_COUNT
                                  000fef2c         1   data ,g         1
  _HA_ALERT
                                  000fef2e         2   data ,g         5
FILE=DefaultBuild\r_cg_serial.obj
                                  000fef30  000fef4f        20
  _gp_uart1_tx_address
                                  000fef30         2   data ,g         5
  _g_uart1_tx_count
                                  000fef32         2   data ,g         4
  _gp_uart1_rx_address
                                  000fef34         2   data ,g         3
  _g_uart1_rx_count
                                  000fef36         2   data ,g         4
  _g_uart1_rx_length
                                  000fef38         2   data ,g         3
  _gp_csi00_rx_address
                                  000fef3a         2   data ,g         4
  _g_csi00_rx_length
                                  000fef3c         2   data ,g         0
  _g_csi00_rx_count
                                  000fef3e         2   data ,g         0
  _gp_csi00_tx_address
                                  000fef40         2   data ,g         5
  _g_csi00_send_length
                                  000fef42         2   data ,g         0
  _g_csi00_tx_count
                                  000fef44         2   data ,g         5
  _gp_uart2_tx_address
                                  000fef46         2   data ,g         5
  _g_uart2_tx_count
                                  000fef48         2   data ,g         4
  _gp_uart2_rx_address
                                  000fef4a         2   data ,g         3
  _g_uart2_rx_count
                                  000fef4c         2   data ,g         4
  _g_uart2_rx_length
                                  000fef4e         2   data ,g         3
FILE=DefaultBuild\r_cg_serial_user.obj
                                  000fef50  000fef50         1
  _NAVIGATION_RX
                                  000fef50         1   data ,g         7
FILE=DefaultBuild\r_cg_timer_user.obj
                                  000fef52  000fef6a        19
  _SELECTION
                                  000fef52         1   data ,g         3
  _WATCH_DOG
                                  000fef53         1   data ,g         9
  _HOOTER_COUNT
                                  000fef54         2   data ,g         5
  _ADC_COUNT
                                  000fef56         2   data ,g         4
  _RTC_UPDATE
                                  000fef58         2   data ,g         3
  _CHECKING
                                  000fef5a         2   data ,g         1
  _GPS_RESET_COUNT
                                  000fef5c         2   data ,g         2
  _BLINK_COUNT
                                  000fef5e         2   data ,g         5
  _T_SECONDS
                                  000fef60         2   data ,g         3
  _T_MINUTE
                                  000fef62         2   data ,g         3
  _T_HOUR
                                  000fef64         2   data ,g         3
  _PANIC_COUNT
                                  000fef66         2   data ,g         3
  _I_HOURS
                                  000fef68         2   data ,g         2
  _MAIN_BAT_STATUS
                                  000fef6a         1   data ,g         a
FILE=DefaultBuild\N_EEPROM.obj
                                  000fef6c  000ff021        b6
  _FOR_5
                                  000fef6c         2   data ,g         0
  _NEXT
                                  000fef6e         2   data ,g         0
  _DATA
                                  000fef70         2   data ,g         0
  _READ_ADDRESS
                                  000fef72         2   data ,g         0
  _WRITE_ADDRESS
                                  000fef74         2   data ,g         9
  _TEMPS
                                  000fef76         2   data ,g         0
  _WRITE_ADDRESS_MSB
                                  000fef78         2   data ,g         4
  _WRITE_ADDRESS_LSB
                                  000fef7a         2   data ,g         4
  _TIME
                                  000fef7c         a   data ,g        10
  _FIRM_DATA
                                  000fef86        96   data ,g         6
  _STOP_WRITING
                                  000ff01c         1   data ,g         3
  _BYTE
                                  000ff01e         2   data ,g         5
  _EEPROM_ADDRESS
                                  000ff020         2   data ,g         2
FILE=DefaultBuild\N_GPS.obj
                                  000ff022  000ff065        44
  _GPS_RMC_RX
                                  000ff022         1   data ,g         7
  _data_count
                                  000ff023         1   data ,g         9
  _RMC_DATA
                                  000ff024         1   data ,g         3
  _HOURS_MSB
                                  000ff025         1   data ,g         2
  _HOURS_LSB
                                  000ff026         1   data ,g         2
  _MIN_MSB
                                  000ff027         1   data ,g         2
  _MIN_LSB
                                  000ff028         1   data ,g         2
  _SEC_MSB
                                  000ff029         1   data ,g         2
  _SEC_LSB
                                  000ff02a         1   data ,g         2
  _GPS_DIRECTION_DATA_VALID
                                  000ff02b         1   data ,g        15
  _GPS_BUSY
                                  000ff02c         1   data ,g         7
  _R
                                  000ff02d         1   data ,g         7
  _DATE_MSB
                                  000ff02e         1   data ,g         2
  _DATE_LSB
                                  000ff02f         1   data ,g         2
  _MONTH_MSB
                                  000ff030         1   data ,g         2
  _MONTH_LSB
                                  000ff031         1   data ,g         2
  _YEAR_MSB
                                  000ff032         1   data ,g         2
  _YEAR_LSB
                                  000ff033         1   data ,g         2
  _L
                                  000ff034         1   data ,g         4
  _NAVIGATION_ACK
                                  000ff035         1   data ,g         3
  _O
                                  000ff036         1   data ,g         3
  _GPS_RESTART
                                  000ff037         1   data ,g         9
  _RR
                                  000ff038         2   data ,g         0
  _COMMA
                                  000ff03a         1   data ,g         4
  _COMMA_1
                                  000ff03b         1   data ,g         6
  _VTG_FRAME_ACK
                                  000ff03c         1   data ,g         5
  _S
                                  000ff03d         1   data ,g         4
  _GPGA_FRAME_ACK
                                  000ff03e         1   data ,g         0
  _A
                                  000ff03f         1   data ,g         8
  _B
                                  000ff040         1   data ,g         5
  _GPS_GGA_RX
                                  000ff041         1   data ,g         0
  _HDOP
                                  000ff042         5   data ,g         a
  _NO_OF_SAT
                                  000ff047         1   data ,g         9
  _data_count_2
                                  000ff048         1   data ,g         0
  _GGA_DATA
                                  000ff049         1   data ,g         0
  _Q
                                  000ff04a         2   data ,g         6
  _W
                                  000ff04c         2   data ,g         5
  _COMMA_5
                                  000ff04e         2   data ,g         6
  _UART1_BUFFER_4
                                  000ff050         2   data ,g         0
  _PDOP_DATA_RX
                                  000ff052        10   data ,g         5
  _GSA_FRAME_ACK
                                  000ff062         2   data ,g         5
  _GPS_GSA_DATA_RX
                                  000ff064         2   data ,g         3
FILE=DefaultBuild\N_GSM.obj
                                  000ff066  000ff7d9       774
  _V_NO_LEN
                                  000ff066         1   data ,g         1
  _VN_ACK_RX
                                  000ff067         1   data ,g         5
  _PANIC_NUMBER_RX
                                  000ff068         1   data ,g         4
  _TEMP_SET
                                  000ff069        ff   data ,g         1
  _TEMP_TCP
                                  000ff168        ff   data ,g         1
  _SET_TCP_FRAME_RX
                                  000ff267         1   data ,g         9
  _SETTING_CMD_FRAME_RX
                                  000ff268         1   data ,g         9
  _RX_ACK_Frame
                                  000ff269         1   data ,g         0
  _ACK
                                  000ff26a         1   data ,g        2a
  _ERROR_OCCURED
                                  000ff26b         1   data ,g        2f
  _RX_SMS_CMD
                                  000ff26c         1   data ,g         0
  _t
                                  000ff26d         1   data ,g        4c
  _SMS_FAIL_COUNT
                                  000ff26e         1   data ,g         7
  _SMS_FAIL
                                  000ff26f         1   data ,g        4a
  _NETWORK_NAME_RX
                                  000ff270         1   data ,g         7
  _BATTERY_MEASUREMENT
                                  000ff271         1   data ,g         c
  _IGNITION_CTRL_RX
                                  000ff272         1   data ,g         4
  _INITIAL_MESSAGE
                                  000ff273         1   data ,g         3
  _P_LAT_DM_RX
                                  000ff274         1   data ,g         1
  _FILE_CLOSE_ATTEMPT
                                  000ff275         1   data ,g         3
  _GSM_REG
                                  000ff276         1   data ,g         5
  _GPRS_REG
                                  000ff277         1   data ,g         6
  _GET_SS
                                  000ff278         1   data ,g         3
  _dBm
                                  000ff279         1   data ,g         4
  _GPRS_CONNECTED
                                  000ff27a         1   data ,g         4
  _INTERNET_CONNECTED
                                  000ff27b         1   data ,g        18
  _DISCONNECT
                                  000ff27c         1   data ,g         8
  _LOW_BATTERY_ALERT
                                  000ff27d         1   data ,g         0
  _HTTP_CONNECT_COUNT
                                  000ff27e         1   data ,g         6
  _NW_NAME_RX
                                  000ff27f         1   data ,g         5
  _i
                                  000ff280         1   data ,g        16
  _SMS
                                  000ff281         1   data ,g         3
  _NETWORK_FAILURE
                                  000ff282         1   data ,g         9
  _HTTP_PRINT
                                  000ff283         1   data ,g         0
  _SPEED_DATA
                                  000ff284         a   data ,g         b
  _SS_DATA_RX
                                  000ff28e         1   data ,g         5
  _CPIN
                                  000ff28f         1   data ,g         4
  _P_TIME
                                  000ff290         a   data ,g         0
  _P_SEND_TIME
                                  000ff29a         a   data ,g         0
  _P_SEND_LOG_DM
                                  000ff2a4         a   data ,g         0
  _P_SEND_LAT_DM
                                  000ff2ae         a   data ,g         0
  _FTP_ADDRESS
                                  000ff2b8         8   data ,g         3
  _FTP_CONNECT_COUNT
                                  000ff2c0         1   data ,g         3
  _FILE_ADDR
                                  000ff2c1         1   data ,g         5
  _FIRMWARE_VERSION_RX
                                  000ff2c2         1   data ,g         0
  _I
                                  000ff2c3        64   data ,g       10d
  _IMEI_EEPROM
                                  000ff327        10   data ,g         e
  _PANIC_CTRL_RX
                                  000ff337         1   data ,g         4
  _PANIC_CONTROL_STATE
                                  000ff338         1   data ,g         5
  _PANIC_CONTROL_RX
                                  000ff339         1   data ,g         0
  _FIRM_UPDATE_CTRL_RX
                                  000ff33a         1   data ,g         4
  _FIRM_UPDATE_CONTROL_STATE
                                  000ff33b         1   data ,g         1
  _FIRM_UPDATE_CONTROL_RX
                                  000ff33c         1   data ,g         0
  _FILE
                                  000ff33d        96   data ,g         3
  _CELL_ID
                                  000ff3d3         5   data ,g         6
  _LAC
                                  000ff3d8         5   data ,g         8
  _NCELL_CID
                                  000ff3dd        14   data ,g         7
  _NCELL_LAC
                                  000ff3f1        14   data ,g         7
  _NCELL_DBM
                                  000ff405         4   data ,g         9
  _SERVING_CELL_DBM
                                  000ff40a         2   data ,g         a
  _K
                                  000ff40c         2   data ,g         3
  _TEMP_EMGT_TIME
                                  000ff40e         2   data ,g         6
  _FOR_1
                                  000ff410         2   data ,g       193
  _FOR_2
                                  000ff412         2   data ,g        12
  _FOR_3
                                  000ff414         2   data ,g         8
  _Address_1
                                  000ff416         2   data ,g         1
  _NW_REGN_COUNT
                                  000ff418         2   data ,g         c
  _FLASH_MEMORY
                                  000ff41a         2   data ,g         2
  _GPRS_REG_COUNT
                                  000ff41c         2   data ,g         4
  _MAIN_BATTERY_VOLTAGE
                                  000ff41e         2   data ,g         a
  _ADC_BUFFER
                                  000ff420         2   data ,g         2
  _BACKUP_BATTERY_VOLTAGE
                                  000ff422         2   data ,g         9
  _GPRS_REG_ROAMING
                                  000ff424         2   data ,g         4
  _GSM_REG_ROAMING
                                  000ff426         2   data ,g         5
  _T_SPEED
                                  000ff428         2   data ,g         2
  _FILTER
                                  000ff42a         2   data ,g         1
  _DATA_HEADER
                                  000ff42c         2   data ,g         4
  _TEMP_VERSION
                                  000ff42e         2   data ,g         0
  _CHECKSUM_BYTE
                                  000ff430         2   data ,g        24
  _MN
                                  000ff432         2   data ,g         1
  _VERSION_TEMP
                                  000ff434         2   data ,g         0
  _FRM_VERSION
                                  000ff436         2   data ,g         0
  _CURRENT_FRM_VERSION
                                  000ff438         2   data ,g         e
  _HEX
                                  000ff43a         2   data ,g         0
  _TEMP_3
                                  000ff43c         2   data ,g         8
  _VOLT
                                  000ff43e         2   data ,g        40
  _TEMP_MAIN_BATTERY_VOLTAGE
                                  000ff440         2   data ,g         0
  _J
                                  000ff442         2   data ,g         3
  _RESTART
                                  000ff444         2   data ,g        89
  _FRAME_NUMBER
                                  000ff446         4   data ,g         8
  _TEMP_FRAME_NUMBER
                                  000ff44a         4   data ,g        50
  _TEMP_FRM_VERSION
                                  000ff44e         4   data ,g        1c
  _GPS_RST_FLAG
                                  000ff452         1   data ,g         4
  _DEVICE_RESTART_RX_1
                                  000ff453         1   data ,g         5
  _WELCOME_STRING_FRAME_BOOT
                                  000ff454         1   data ,g         0
  _SET_OTA_UPDATE
                                  000ff455         1   data ,g         0
  _SETTING_CMD
                                  000ff456         1   data ,g         3
  _SET_APN
                                  000ff457         1   data ,g         2
  _SET_TCP
                                  000ff458         1   data ,g         3
  _BSNL_CONNECT_FLAG
                                  000ff459         1   data ,g         5
  _BSNL_CONNECT
                                  000ff45a         1   data ,g         3
  _CONNECT_FAIL
                                  000ff45b         1   data ,g         1
  _ALREADY_CONNECT
                                  000ff45c         1   data ,g         1
  _ALREADY_CONNECT_FLAG
                                  000ff45d         1   data ,g         0
  _QST_CMD_FLAG
                                  000ff45e         1   data ,g         3
  _HARSH_BRAKE_PACKET
                                  000ff45f         1   data ,g         3
  _HARSH_TURN_PACKET
                                  000ff460         1   data ,g         3
  _HARSH_ACC_PACKET
                                  000ff461         1   data ,g         3
  _BATTERY_CHARGED_PACKET
                                  000ff462         1   data ,g         3
  _REFRESH
                                  000ff463         1   data ,g         3
  _PRIMARY_IP
                                  000ff464         1   data ,g         0
  _SECONDARY_IP
                                  000ff465         1   data ,g         0
  _PRI_IP_PN_SMS
                                  000ff466         1   data ,g         3
  _SEC_IP_PN_SMS
                                  000ff467         1   data ,g         1
  _HEALTH_CMD2
                                  000ff468         1   data ,g         3
  _DATA_SEND
                                  000ff469         1   data ,g         1
  _k
                                  000ff46a         1   data ,g         0
  _HEALTH_CMD_FRAME_RX
                                  000ff46b         1   data ,g         7
  _SET_SETTINGS_FRAME_RX
                                  000ff46c         1   data ,g         0
  _HEALTH_ON_DURATON_RX
                                  000ff46d         1   data ,g         0
  _PANIC_ON_DURATON_RX
                                  000ff46e         1   data ,g         0
  _PANIC_ON_DURATON_S_RX
                                  000ff46f         1   data ,g         0
  _HEALTH_ON_DURATON_S_RX
                                  000ff470         1   data ,g         0
  _APN_S_RX
                                  000ff471         1   data ,g         0
  _TEMP_APN2
                                  000ff472        ff   data ,g         2
  _GET_SMS_RX
                                  000ff571         1   data ,g         0
  _GET_PIP_S_RX
                                  000ff572         1   data ,g         0
  _GET_SIP_S_RX
                                  000ff573         1   data ,g         0
  _SET_PIP_PN_RX
                                  000ff574         1   data ,g         0
  _SET_SIP_PN_RX
                                  000ff575         1   data ,g         0
  _SET_SLEEP_ON_RX
                                  000ff576         1   data ,g         0
  _SET_SLEEP_OF_RX
                                  000ff577         1   data ,g         0
  _SET_OVERSPEED_RX
                                  000ff578         1   data ,g         0
  _GET_OVER_SPEED_RX
                                  000ff579         1   data ,g         0
  _GET_SLEEP_TIME_RX
                                  000ff57a         1   data ,g         0
  _GET_SLEEP_OFF_TIME_RX
                                  000ff57b         1   data ,g         0
  _DECIMAL_POINT_CAME_STOP_TX
                                  000ff57c         1   data ,g         8
  _POWER_SOURCE_RECONNECT_PACKET
                                  000ff57d         1   data ,g         5
  _GET_MCC_MNC_LAC_CELL_ID_RX
                                  000ff57e         1   data ,g         3
  _ADD_ZERO_TO_SPEED
                                  000ff57f         1   data ,g         7
  _SMS_PIN_WRONG
                                  000ff580         1   data ,g         a
  _NEW_SMS_RX_FRAME_RX
                                  000ff581         1   data ,g         5
  _PHONE_NUMBER_OF_SENDER_RX
                                  000ff582         1   data ,g         5
  _DEVICE_RESET_CMD_FRAME_RX
                                  000ff583         1   data ,g         9
  _DEVICE_RESET_CMD
                                  000ff584         1   data ,g         5
  _SERVER_UPDATE_TIME_CMD_FRAME_RX
                                  000ff585         1   data ,g         0
  _SET_EMERGENCY_NUMBER_FRAME_CMD
                                  000ff586         1   data ,g         1
  _SET_REGN_NUMBER_FRAME_CMD
                                  000ff587         1   data ,g         1
  _UPDATE_EMERGENCY_NUMBER
                                  000ff588         1   data ,g         3
  _UPDATE_IP
                                  000ff589         1   data ,g         0
  _SET_IP_FRAME_CMD
                                  000ff58a         1   data ,g         3
  _URL_PRINT
                                  000ff58b         1   data ,g         3
  _MESSAGE_READ
                                  000ff58c         1   data ,g         0
  _SET_SLEEP_OFF_CMD
                                  000ff58d         1   data ,g         2
  _SET_SLEEP_ON_CMD
                                  000ff58e         1   data ,g         2
  _OVER_SPEED_CMD
                                  000ff58f         1   data ,g         2
  _GET_EMGT_TIME_CMD
                                  000ff590         1   data ,g         2
  _ACTIVATION_CMD
                                  000ff591         1   data ,g         3
  _HEALTH_AND_ACTIVATION_CMD
                                  000ff592         1   data ,g         4
  _PANIC_CONTROL_STATE_1
                                  000ff593         1   data ,g         4
  _GSM_NW_REG_CHECK
                                  000ff594         1   data ,g         3
  _GPRS_REG_CHECK
                                  000ff595         1   data ,g         3
  _GET_SIGNAL_STRENGTH_CHECK
                                  000ff596         1   data ,g         3
  _CPIN_READY_CHECK
                                  000ff597         1   data ,g         3
  _DECIMAL_POINT
                                  000ff598         1   data ,g         c
  _UPDATE_RP_NO
                                  000ff599         1   data ,g         2
  _VLT_STARTUP
                                  000ff59a         1   data ,g         9
  _NORMAL_PACKET
                                  000ff59b         1   data ,g         e
  _DEVICE_CLEAR_CMD_FRAME_RX
                                  000ff59c         1   data ,g         0
  _DEVICE_CLEAR_CMD
                                  000ff59d         1   data ,g         3
  _HARSH_BRAKE_CMD_RX
                                  000ff59e         1   data ,g         5
  _HARSH_TURN_CMD_RX
                                  000ff59f         1   data ,g         2
  _HARSH_ACCEL_CMD_RX
                                  000ff5a0         1   data ,g         0
  _HEALTH_ON_DURATON_CMD
                                  000ff5a1         1   data ,g         4
  _PANIC_ON_DURATON_CMD
                                  000ff5a2         1   data ,g         3
  _PANIC_TIME_START
                                  000ff5a3         1   data ,g         6
  _PANIC_SERVER_COUNT
                                  000ff5a4         1   data ,g         0
  _HEALTH_PACKET_TO_SERVER
                                  000ff5a5         1   data ,g         4
  _GET_SMS_CMD
                                  000ff5a6         1   data ,g         5
  _GET_PIP_CMD
                                  000ff5a7         1   data ,g         2
  _GET_SIP_CMD
                                  000ff5a8         1   data ,g         2
  _GET_PPT_S_CMD
                                  000ff5a9         1   data ,g         0
  _GET_SPT_S_CMD
                                  000ff5aa         1   data ,g         0
  _GPS_STANDBY
                                  000ff5ab         1   data ,g         3
  _WATCH_DOG_FORCE_KILL
                                  000ff5ac         1   data ,g         3
  _HTTP_DOWNLOAD_ACK
                                  000ff5ad         1   data ,g         3
  _FTP_ACK
                                  000ff5ae         1   data ,g         4
  _FTP_DOWNLOAD_ACK
                                  000ff5af         1   data ,g         3
  _FIRMWARE_DOWNLOADED
                                  000ff5b0         1   data ,g         3
  _FILE_ACK
                                  000ff5b1         1   data ,g         5
  _FILE_DOWNLOAD
                                  000ff5b2         1   data ,g         3
  _FLAG
                                  000ff5b3         1   data ,g         3
  _STOP_FILE_READING
                                  000ff5b4         1   data ,g         3
  _IMEI_RX
                                  000ff5b5         1   data ,g         3
  _IMEI_ACK_RX
                                  000ff5b6         1   data ,g         5
  _DEVICE_RESTART_RX
                                  000ff5b7         1   data ,g         5
  _HARSH_BRAKE_CMD
                                  000ff5b8         1   data ,g         1
  _HARSH_TURN_CMD
                                  000ff5b9         1   data ,g         6
  _HARSH_ACCEL_CMD
                                  000ff5ba         1   data ,g         6
  _AD
                                  000ff5bc         2   data ,g         7
  _resend
                                  000ff5be         2   data ,g         0
  _p1
                                  000ff5c0         1   data ,g         0
  _p2
                                  000ff5c1         1   data ,g         0
  _p3
                                  000ff5c2         1   data ,g         0
  _p4
                                  000ff5c3         1   data ,g         0
  _MCC_MNC_LAC_CELL_ID_LENGTH
                                  000ff5c4         1   data ,g         1
  _FOR_7
                                  000ff5c5         1   data ,g         1
  _ALTITUDE_VALUE_COUNT
                                  000ff5c6         1   data ,g        15
  _NEW_SMS_INBOX_ADDRESS
                                  000ff5c7        14   data ,g         4
  _NEW_SMS
                                  000ff5db         1   data ,g         8
  _PHONE_NUMBER_OF_SENDER
                                  000ff5dc         c   data ,g        13
  _TEMP_REGN_NUMBER
                                  000ff5e8         f   data ,g         1
  _SET_APN_FRAME_RX
                                  000ff5f7         1   data ,g         6
  _IGNITION_ON_TIME_RX
                                  000ff5f8         1   data ,g         0
  _IGNITION_OFF_TIME_RX
                                  000ff5f9         1   data ,g         0
  _URL_COUNT
                                  000ff5fa         2   data ,g         0
  _VEICHLE_REG_COUNT
                                  000ff5fc         2   data ,g         0
  _IGNITION_ON_UPDATE_TIME
                                  000ff5fe         2   data ,g         9
  _IGNITION_OFF_UPDATE_TIME
                                  000ff600         2   data ,g         9
  _UPDATE_TIME_ON_TIME
                                  000ff602         2   data ,g         3
  _UPDATE_TIME_OFF_TIME
                                  000ff604         2   data ,g         3
  _HEALTH_ON_DURATON_LEVEL
                                  000ff606         2   data ,g         f
  _P_DL
                                  000ff608         2   data ,g         0
  _PANIC_ALERT_TIME
                                  000ff60a         2   data ,g         2
  _PANIC_TIME
                                  000ff60c         2   data ,g         4
  _HEALTH_ALERT_TIME
                                  000ff60e         2   data ,g         3
  _APN_TEMP
                                  000ff610         2   data ,g         6
  _HARSH_BRAKE_LEVEL
                                  000ff612         2   data ,g         8
  _HARSH_TURN_LEVEL
                                  000ff614         2   data ,g         9
  _HARSH_ACCEL_LEVEL
                                  000ff616         2   data ,g         8
  _HT_LEVEL
                                  000ff618         2   data ,g         3
  _HB_LEVEL
                                  000ff61a         2   data ,g         2
  _P_D_L
                                  000ff61c         2   data ,g         b
  _SLEEP_ON_LEVEL
                                  000ff61e         2   data ,g         0
  _SLEEP_OF_LEVEL
                                  000ff620         2   data ,g         0
  _SLEEP_OFF_LEVEL
                                  000ff622         2   data ,g         0
  _OVER_SPEED
                                  000ff624         2   data ,g         5
  _TEMP_OVS_LEVEL
                                  000ff626         2   data ,g         7
  _SLEEP_OFF_TIME
                                  000ff628         2   data ,g         5
  _TEMP_SLEEP_OFF_TIME
                                  000ff62a         2   data ,g         7
  _EMGT_TIME
                                  000ff62c         2   data ,g         4
  _ENGINEER_MODE_FRAME_1_ACK
                                  000ff62e         1   data ,g         4
  _P
                                  000ff62f         1   data ,g         b
  _MCC_MNC_LAC_CELL_ID
                                  000ff630        14   data ,g         0
  _GSM_COMMA
                                  000ff644         1   data ,g         3
  _GET_IMEI_SMS_CMD_RX
                                  000ff645         1   data ,g         9
  _UPDATE_INTERVAL_CMD
                                  000ff646         1   data ,g         1
  _HARSH_ACCEL_CMD_SMS_RX
                                  000ff647         1   data ,g         0
  _HARSH_TURN_CMD_SMS_RX
                                  000ff648         1   data ,g         0
  _HARSH_BRAKE_CMD_SMS_RX
                                  000ff649         1   data ,g         0
  _HARSH_ACCEL_CMD_SMS_LEVEL
                                  000ff64a         1   data ,g         0
  _HARSH_TURN_CMD_SMS_LEVEL
                                  000ff64b         1   data ,g         0
  _HARSH_BRAKE_CMD_SMS_LEVEL
                                  000ff64c         1   data ,g         0
  _TEMP_EMERGENCY_NUMBER
                                  000ff64d         5   data ,g         3
  _DBM_1
                                  000ff652         5   data ,g         5
  _LAC_1
                                  000ff657         5   data ,g         4
  _CELL_ID_1
                                  000ff65c         5   data ,g         4
  _DBM_2
                                  000ff661         5   data ,g         5
  _LAC_2
                                  000ff666         5   data ,g         4
  _CELL_ID_2
                                  000ff66b         5   data ,g         4
  _DBM_3
                                  000ff670         5   data ,g         5
  _LAC_3
                                  000ff675         5   data ,g         4
  _CELL_ID_3
                                  000ff67a         5   data ,g         4
  _DBM_4
                                  000ff67f         5   data ,g         5
  _LAC_4
                                  000ff684         5   data ,g         4
  _CELL_ID_4
                                  000ff689         5   data ,g         4
  _N
                                  000ff68e         1   data ,g        10
  _GSM_COMMA_2
                                  000ff68f         1   data ,g         4
  _SPEED_DATA_LENGTH_COUNT
                                  000ff690         1   data ,g         8
  _APN_LENGTH
                                  000ff691         1   data ,g         9
  _COG_VALUE_COUNT
                                  000ff692         1   data ,g        18
  _PDOP_COUNT
                                  000ff693         1   data ,g         0
  _HDOP_COUNT
                                  000ff694         1   data ,g         0
  _GET_VLT_IMEI_PH_CMD
                                  000ff695         1   data ,g         4
  _VERSION_CMD_SET
                                  000ff696         1   data ,g         4
  _ENGINEER_MODE_FRAME_2_ACK
                                  000ff697         1   data ,g         4
  _GET_NMR_RX
                                  000ff698         1   data ,g         3
  _HEX_CHARACTER_CONVERSION
                                  000ff699         1   data ,g         c
  _SMS_CMD_REPLY
                                  000ff69a         1   data ,g         3
  _VERSION_CMD_RX
                                  000ff69b         1   data ,g         0
  _SEND_IMEI
                                  000ff69c         1   data ,g         3
  _UPDATE_INTERVAL_CMD_2
                                  000ff69d         1   data ,g         1
  _SET_APN_FRAME_CMD
                                  000ff69e         1   data ,g         1
  _UPDATE_APN
                                  000ff69f         1   data ,g         3
  _UPDATE_REGISTRATION_NUMBER
                                  000ff6a0         1   data ,g         2
  _UPDATE_INTERVAL_TIME_FOR_IGNITION_ON_CMD
                                  000ff6a1         1   data ,g         2
  _UPDATE_INTERVAL_TIME_FOR_IGNITION_OFF_CMD
                                  000ff6a2         1   data ,g         2
  _SMS_CMD_DATA_UPLOAD_UONT
                                  000ff6a3         1   data ,g         0
  _SMS_CMD_DATA_UPLOAD
                                  000ff6a4         1   data ,g         0
  _UPDATE_REGISTRATION_NUMBER_1
                                  000ff6a5         1   data ,g         3
  _OTA_PACKET
                                  000ff6a6         1   data ,g        1f
  _PANIC_TIME_STOP
                                  000ff6a7         1   data ,g         4
  _PRIMARY_PN
                                  000ff6a8         1   data ,g         0
  _SECONDARY_PN
                                  000ff6a9         1   data ,g         0
  _SLEEP_ON_TIME_CMD
                                  000ff6aa         1   data ,g         2
  _SLEEP_OFF_TIME_CMD
                                  000ff6ab         1   data ,g         2
  _LOW_BAT_LEVEL_RX
                                  000ff6ac         1   data ,g         2
  _LOW_BAT_LEVEL_CMD
                                  000ff6ad         1   data ,g         4
  _GET_SPN_S_RX
                                  000ff6ae         1   data ,g         0
  _DBM_DATA_LENGTH
                                  000ff6af         5   data ,g        15
  _LAC_DATA_LENGTH
                                  000ff6b4         5   data ,g        11
  _CELL_ID_DATA_LENGTH
                                  000ff6b9         5   data ,g        11
  _MCC_1
                                  000ff6be         5   data ,g         1
  _MNC
                                  000ff6c3         5   data ,g         a
  _MCC_DATA_LENGTH
[...]
      _my_request.bytecount_u16
                                  000ff8d4         2   unsigned int
      _my_request.command_enu
                                  000ff8d6         1   enum
    }
  _my_descriptor
                                  000ff8d8         2   data ,g         3
    struct  {
                                                   2
      _my_descriptor.fx_MHz_u08
                                  000ff8d8         1   unsigned char
      _my_descriptor.wide_voltage_mode_u08
                                  000ff8d9         1   unsigned char
    }
  _my_status
                                  000ff8da         1   data ,g        11
  _bit0
                                  000ff8db         1   data ,g         0
  _bit1
                                  000ff8dc         1   data ,g         0
  _bit2
                                  000ff8dd         1   data ,g         0
  _bit3
                                  000ff8de         1   data ,g         0
  _bit4
                                  000ff8df         1   data ,g         0
  _err_blcok0
                                  000ff8e0         1   data ,g         1
  _err_blcok1
                                  000ff8e1         1   data ,g         1
  _err_blcok2
                                  000ff8e2         1   data ,g         0
  _err_blcok3
                                  000ff8e3         1   data ,g         0
  _intp_cnt
                                  000ff8e4         1   data ,g         0
  _Write_Buffer
                                  000ff8e5         a   data ,g         0
    struct  {
                                                   a
      _Write_Buffer.data1
                                  000ff8e5         1   unsigned char
      _Write_Buffer.data2
                                  000ff8e6         1   unsigned char
      _Write_Buffer.data3
                                  000ff8e7         1   unsigned char
      _Write_Buffer.data4
                                  000ff8e8         1   unsigned char
      _Write_Buffer.data5
                                  000ff8e9         1   unsigned char
      _Write_Buffer.data6
                                  000ff8ea         1   unsigned char
      _Write_Buffer.data7
                                  000ff8eb         1   unsigned char
      _Write_Buffer.data8
                                  000ff8ec         1   unsigned char
      _Write_Buffer.data9
                                  000ff8ed         1   unsigned char
      _Write_Buffer.data10
                                  000ff8ee         1   unsigned char
    }
  _Write_Buffer2
                                  000ff8ef         a   data ,g         0
    struct  {
                                                   a
      _Write_Buffer2.data1
                                  000ff8ef         1   unsigned char
      _Write_Buffer2.data2
                                  000ff8f0         1   unsigned char
      _Write_Buffer2.data3
                                  000ff8f1         1   unsigned char
      _Write_Buffer2.data4
                                  000ff8f2         1   unsigned char
      _Write_Buffer2.data5
                                  000ff8f3         1   unsigned char
      _Write_Buffer2.data6
                                  000ff8f4         1   unsigned char
      _Write_Buffer2.data7
                                  000ff8f5         1   unsigned char
      _Write_Buffer2.data8
                                  000ff8f6         1   unsigned char
      _Write_Buffer2.data9
                                  000ff8f7         1   unsigned char
      _Write_Buffer2.data10
                                  000ff8f8         1   unsigned char
    }
  _Read_Buffer
                                  000ff8f9         a   data ,g         0
    struct  {
                                                   a
      _Read_Buffer.data1
                                  000ff8f9         1   unsigned char
      _Read_Buffer.data2
                                  000ff8fa         1   unsigned char
      _Read_Buffer.data3
                                  000ff8fb         1   unsigned char
      _Read_Buffer.data4
                                  000ff8fc         1   unsigned char
      _Read_Buffer.data5
                                  000ff8fd         1   unsigned char
      _Read_Buffer.data6
                                  000ff8fe         1   unsigned char
      _Read_Buffer.data7
                                  000ff8ff         1   unsigned char
      _Read_Buffer.data8
                                  000ff900         1   unsigned char
      _Read_Buffer.data9
                                  000ff901         1   unsigned char
      _Read_Buffer.data10
                                  000ff902         1   unsigned char
    }
  _Read_Buffer2
                                  000ff903         a   data ,g         1
    struct  {
                                                   a
      _Read_Buffer2.data1
                                  000ff903         1   unsigned char
      _Read_Buffer2.data2
                                  000ff904         1   unsigned char
      _Read_Buffer2.data3
                                  000ff905         1   unsigned char
      _Read_Buffer2.data4
                                  000ff906         1   unsigned char
      _Read_Buffer2.data5
                                  000ff907         1   unsigned char
      _Read_Buffer2.data6
                                  000ff908         1   unsigned char
      _Read_Buffer2.data7
                                  000ff909         1   unsigned char
      _Read_Buffer2.data8
                                  000ff90a         1   unsigned char
      _Read_Buffer2.data9
                                  000ff90b         1   unsigned char
      _Read_Buffer2.data10
                                  000ff90c         1   unsigned char
    }
FILE=DefaultBuild\r_cg_pfdl.obj
                                  000ff90e  000ff91a         d
  _gFdlResult
                                  000ff90e         1   data ,g         9
  _gFdlReq
                                  000ff910         8   data ,g        15
    struct  {
                                                   8
      _gFdlReq.index_u16
                                  000ff910         2   unsigned int
      _gFdlReq.data_pu08
                                  000ff912         4   [near pointer]
      _gFdlReq.bytecount_u16
                                  000ff914         2   unsigned int
      _gFdlReq.command_enu
                                  000ff916         1   enum
    }
  _gFdlDesc
                                  000ff918         2   data ,g         5
    struct  {
                                                   2
      _gFdlDesc.fx_MHz_u08
                                  000ff918         1   unsigned char
      _gFdlDesc.wide_voltage_mode_u08
                                  000ff919         1   unsigned char
    }
  _gFdlStatus
                                  000ff91a         1   data ,g         7

SECTION=.dataR
FILE=DefaultBuild\r_main.obj
                                  000ff91c  000ff91c         1
  _PANIC_ALERT
                                  000ff91c         1   data ,g         b
FILE=DefaultBuild\N_GPS.obj
                                  000ff91e  000ff97c        5f
  _LON_DIRECTION
                                  000ff91e         1   data ,g         8
  _LAT_DIRECTION
                                  000ff91f         1   data ,g         8
  _COG
                                  000ff920         6   data ,g         d
  _no
                                  000ff926         2   data ,g         4
  _LAT_DM
                                  000ff928         a   data ,g         9
  _LOG_DM
                                  000ff932         a   data ,g         9
  _LAT_DM_RX
                                  000ff93c         a   data ,g         3
  _LOG_DM_RX
                                  000ff946         a   data ,g         2
  _GPGA_FRAME
                                  000ff950         5   data ,g         0
  _GPGA_DATA
                                  000ff955         a   data ,g         0
  _VTG_FRAME
                                  000ff95f         3   data ,g         1
  _SPEED_DATA_RX
                                  000ff962         a   data ,g         2
  _GSA_FRAME
                                  000ff96c         3   data ,g         1
  _ALTITUDE
                                  000ff96f         8   data ,g         f
  _NAVIGATION_FRAME_ACK
                                  000ff977         6   data ,g         1
FILE=DefaultBuild\N_GSM.obj
                                  000ff97e  000ffa7d       100
  _CGATT_POLL_COUNT
                                  000ff97e         1   data ,g         0
  _GSM_STRENGTH
                                  000ff97f         1   data ,g         9
  _TCP_CONNECTION_OPEN
                                  000ff980         1   data ,g         7
  _VEICHLE_NUMBER
                                  000ff981         f   data ,g         c
  _IMEI
                                  000ff990        10   data ,g         8
  _Array_0
                                  000ff9a0         a   data ,g        27
  _NETWORK_NAME
                                  000ff9aa         8   data ,g         c
  _P_LAT_DM
                                  000ff9b2         a   data ,g         0
  _P_LOG_DM
                                  000ff9bc         a   data ,g         0
  _SMS_MOBILE_NO
                                  000ff9c6        34   data ,g         f
  _REPLY_NUMBER
                                  000ff9fa         a   data ,g         3
  _TEMP_PIP
                                  000ffa04        10   data ,g         1
  _TEMP_PIP2
                                  000ffa14        10   data ,g         7
  _TEMP_SIP
                                  000ffa24        10   data ,g         1
  _TEMP_SIP2
                                  000ffa34        10   data ,g         7
  _TEMP_PPN
                                  000ffa44         6   data ,g         0
  _TEMP_PPN2
                                  000ffa4a         6   data ,g         6
  _TEMP_SPN
                                  000ffa50         6   data ,g         0
  _TEMP_SPN2
                                  000ffa56         6   data ,g         6
  _TEMP_APN
                                  000ffa5c         f   data ,g        16
  _FLASH_WRITE_ADDRESS
                                  000ffa6c         4   data ,g         5
  _RECORD_ARRAY_ADDRESS
                                  000ffa70         2   data ,g         5
  _FLASH_BYTE
                                  000ffa72         2   data ,g         5
  _RDSR
                                  000ffa74         1   data ,g         1
  _WRSR
                                  000ffa75         2   data ,g         1
  _WREN
                                  000ffa77         1   data ,g         1
  _CE
                                  000ffa78         1   data ,g         1
  _STATUS_REG
                                  000ffa79         1   data ,g         1
  _READ
                                  000ffa7a         4   data ,g         0

SECTION=RAM_VECT_n
FILE=DefaultBuild\u_ram_vector.obj
                                  000ffa7e  000ffb11        94
  _RAM_INTWDTI_ISR
                                  000ffa7e         4   data ,g         2
  _RAM_INTLVI_ISR
                                  000ffa82         4   data ,g         2
  _RAM_INTP0_ISR
                                  000ffa86         4   data ,g         2
  _RAM_INTP1_ISR
                                  000ffa8a         4   data ,g         4
  _RAM_INTP2_ISR
                                  000ffa8e         4   data ,g         4
  _RAM_INTP3_ISR
                                  000ffa92         4   data ,g         4
  _RAM_INTP4_ISR
                                  000ffa96         4   data ,g         4
  _RAM_INTP5_ISR
                                  000ffa9a         4   data ,g         2
  _RAM_INTST2_ISR
                                  000ffa9e         4   data ,g         4
  _RAM_INTSR2_ISR
                                  000ffaa2         4   data ,g         4
  _RAM_INTSRE2_ISR
                                  000ffaa6         4   data ,g         2
  _RAM_INTST0_ISR
                                  000ffaaa         4   data ,g         4
  _RAM_INTSR0_ISR
                                  000ffaae         4   data ,g         2
  _RAM_INTSRE0_ISR
                                  000ffab2         4   data ,g         2
  _RAM_INTST1_ISR
                                  000ffab6         4   data ,g         4
  _RAM_INTSR1_ISR
                                  000ffaba         4   data ,g         4
  _RAM_INTSRE1_ISR
                                  000ffabe         4   data ,g         2
  _RAM_INTIICA0_ISR
                                  000ffac2         4   data ,g         2
  _RAM_INTTM00_ISR
                                  000ffac6         4   data ,g         4
  _RAM_INTTM01_ISR
                                  000ffaca         4   data ,g         4
  _RAM_INTTM02_ISR
                                  000fface         4   data ,g         4
  _RAM_INTTM03_ISR
                                  000ffad2         4   data ,g         4
  _RAM_INTAD_ISR
                                  000ffad6         4   data ,g         4
  _RAM_INTRTC_ISR
                                  000ffada         4   data ,g         2
  _RAM_INTIT_ISR
                                  000ffade         4   data ,g         2
  _RAM_INTKR_ISR
                                  000ffae2         4   data ,g         2
  _RAM_INTTM04_ISR
                                  000ffae6         4   data ,g         4
  _RAM_INTTM05_ISR
                                  000ffaea         4   data ,g         2
  _RAM_INTTM06_ISR
                                  000ffaee         4   data ,g         2
  _RAM_INTTM07_ISR
                                  000ffaf2         4   data ,g         2
  _RAM_INTP6_ISR
                                  000ffaf6         4   data ,g         0
  _RAM_INTP7_ISR
                                  000ffafa         4   data ,g         0
  _RAM_INTP8_ISR
                                  000ffafe         4   data ,g         0
  _RAM_INTP9_ISR
                                  000ffb02         4   data ,g         0
  _RAM_INTP10_ISR
                                  000ffb06         4   data ,g         0
  _RAM_INTP11_ISR
                                  000ffb0a         4   data ,g         0
  _RAM_INTFL_ISR
                                  000ffb0e         4   data ,g         2

Absolute value symbols
FILE=DefaultBuild\N_GPS.obj
  @$IMM_12
                                  00000012         0   none ,l         1
FILE=rlink_generates_05
  __s.text
                                  0000023a         0   none ,g         0
  __e.text
                                  00000674         0   none ,g         0
  __s.textf
                                  0000394d         0   none ,g         0
  __e.textf
                                  0000ddf7         0   none ,g         0
  __s.const
                                  00002000         0   none ,g         0
  __e.const
                                  0000394d         0   none ,g         0
  __s.constf
                                  00000080         0   none ,g         0
  __e.constf
                                  00000080         0   none ,g         0
  __s.data
                                  000000d8         0   none ,g         0
  __e.data
                                  0000023a         0   none ,g         0
  __s.sdata
                                  00000080         0   none ,g         0
  __e.sdata
                                  00000080         0   none ,g         0
  __s.bss
                                  000fef00         0   none ,g         0
  __e.bss
                                  000ff91b         0   none ,g         0
  __s.sbss
                                  000ffe20         0   none ,g         0
  __e.sbss
                                  000ffe20         0   none ,g         0
  __s.dataR
                                  000ff91c         0   none ,g         0
  __e.dataR
                                  000ffa7e         0   none ,g         0
  __s.sdataR
                                  000ffe20         0   none ,g         0
  __e.sdataR
                                  000ffe20         0   none ,g         0
  __s.RLIB
                                  00000702         0   none ,g         0
  __e.RLIB
                                  00000ade         0   none ,g         0
  __s.SLIB
                                  000000c4         0   none ,g         0
  __e.SLIB
                                  000000c4         0   none ,g         0
  __sRAM_VECT_n
                                  000ffa7e         0   none ,g         0
  __eRAM_VECT_n
                                  000ffb12         0   none ,g         0
  __sPFDL_COD
                                  00000674         0   none ,g         0
  __ePFDL_COD
                                  00000702         0   none ,g         0
  __s.option_byte
                                  000000c0         0   none ,g         0
  __e.option_byte
                                  000000c4         0   none ,g         0
  __s.monitor1
                                  000000ce         0   none ,g         0
  __e.monitor1
                                  000000d8         0   none ,g         0
  __s.monitor2
                                  0000fe00         0   none ,g         0
  __e.monitor2
                                  00010000         0   none ,g         0
  __s.security_id
                                  000000c4         0   none ,g         0
  __e.security_id
                                  000000ce         0   none ,g         0
  __s.vect
                                  00000000         0   none ,g         0
  __e.vect
                                  00000080         0   none ,g         0
  __RAM_ADDR_START
                                  000fef00         0   none ,g         0
  __RAM_ADDR_END
                                  000ffee0         0   none ,g         0
  __STACK_ADDR_START
                                  000ffe20         0   none ,g         1
  __STACK_ADDR_END
                                  000ffb12         0   none ,g         1

*** Unfilled Areas ***

AREA                                START    END

*** Delete Symbols ***

SYMBOL                                SIZE    INFO

*** Variable Vector Table List ***

ADDRESS  SYMBOL/ADDRESS
00       _start
02       ffff
04       _watchdog_intrpt@1
06       _lvi_intrpt@1
08       _intp0_intrpt@1
0a       _intp1_intrpt@1
0c       _intp2_intrpt@1
0e       _intp3_intrpt@1
10       _intp4_intrpt@1
12       _intp5_intrpt@1
14       _intst2_interrupt@1
16       _intsr2_interrupt@1
18       _intsre2_interrupt@1
1a       
1c       
1e       _intst0_interrupt@1
20       _intsr0_interrupt@1
22       _intsre0_interrupt@1
24       _intst1_interrupt@1
26       _intsr1_interrupt@1
28       _intsre1_interrupt@1
2a       _intsic_interrupt@1
2c       _inttm00_interrupt@1
2e       _inttm01_interrupt@1
30       _inttm02_interrupt@1
32       _inttm03_interrupt@1
34       _intad_interrupt@1
36       _intrtc_interrrupt@1
38       _intit_interrrupt@1
3a       _intkr_interrupt@1
3c       
3e       
40       
42       _inttm04_interrupt@1
44       _inttm05_interrupt@1
46       _inttm06_interrupt@1
48       _inttm07_interrupt@1
4a       
4c       
4e       
50       
52       
54       
56       
58       
5a       
5c       
5e       
60       
62       _intfl_interrupt@1
64       
66       
68       
6a       
6c       
6e       
70       
72       
74       
76       
78       
7a       
7c       
7e       
